Archive member included to satisfy reference by file (symbol)

/opt/devkitpro/libgba/lib/libgba.a(Compression.o)
                              pocketnes_text.o (LZ77UnCompVram)
/opt/devkitpro/libgba/lib/libgba.a(interrupt.o)
                              interrupt.o (IntrTable)
/opt/devkitpro/devkitARM/lib/gcc/arm-none-eabi/15.2.0/thumb/libgcc.a(_thumb1_case_sqi.o)
                              vt_regs.o (__gnu_thumb1_case_sqi)
/opt/devkitpro/devkitARM/lib/gcc/arm-none-eabi/15.2.0/thumb/libgcc.a(_thumb1_case_uqi.o)
                              ppu_vt.o (__gnu_thumb1_case_uqi)
/opt/devkitpro/devkitARM/lib/gcc/arm-none-eabi/15.2.0/thumb/libgcc.a(_thumb1_case_shi.o)
                              new_speed_hack.o (__gnu_thumb1_case_shi)
/opt/devkitpro/devkitARM/lib/gcc/arm-none-eabi/15.2.0/thumb/libgcc.a(_udivsi3.o)
                              minilzo.o (__aeabi_uidiv)
/opt/devkitpro/devkitARM/lib/gcc/arm-none-eabi/15.2.0/thumb/libgcc.a(_divsi3.o)
                              rommenu.o (__aeabi_idiv)
/opt/devkitpro/devkitARM/lib/gcc/arm-none-eabi/15.2.0/thumb/libgcc.a(_dvmd_tls.o)
                              /opt/devkitpro/devkitARM/lib/gcc/arm-none-eabi/15.2.0/thumb/libgcc.a(_udivsi3.o) (__aeabi_idiv0)
/opt/devkitpro/devkitARM/lib/gcc/arm-none-eabi/15.2.0/thumb/libgcc.a(_aeabi_uldivmod.o)
                              new_speed_hack.o (__aeabi_uldivmod)
/opt/devkitpro/devkitARM/lib/gcc/arm-none-eabi/15.2.0/thumb/libgcc.a(_udivmoddi4.o)
                              /opt/devkitpro/devkitARM/lib/gcc/arm-none-eabi/15.2.0/thumb/libgcc.a(_aeabi_uldivmod.o) (__udivmoddi4)
/opt/devkitpro/devkitARM/lib/gcc/arm-none-eabi/15.2.0/thumb/libgcc.a(_clzdi2.o)
                              /opt/devkitpro/devkitARM/lib/gcc/arm-none-eabi/15.2.0/thumb/libgcc.a(_udivmoddi4.o) (__clzdi2)
/opt/devkitpro/devkitARM/lib/gcc/arm-none-eabi/15.2.0/thumb/libgcc.a(_clzsi2.o)
                              /opt/devkitpro/devkitARM/lib/gcc/arm-none-eabi/15.2.0/thumb/libgcc.a(_clzdi2.o) (__clzsi2)
/opt/devkitpro/devkitARM/lib/gcc/arm-none-eabi/15.2.0/../../../../arm-none-eabi/lib/thumb/libg.a(libc_a-strcat.o)
                              cheat.o (strcat)
/opt/devkitpro/devkitARM/lib/gcc/arm-none-eabi/15.2.0/../../../../arm-none-eabi/lib/thumb/libg.a(libc_a-memcpy-stub.o)
                              cheat.o (memcpy)
/opt/devkitpro/devkitARM/lib/gcc/arm-none-eabi/15.2.0/../../../../arm-none-eabi/lib/thumb/libg.a(libc_a-strlen.o)
                              main.o (strlen)
/opt/devkitpro/devkitARM/lib/gcc/arm-none-eabi/15.2.0/../../../../arm-none-eabi/lib/thumb/libg.a(libc_a-memcmp.o)
                              minilzo.o (memcmp)
/opt/devkitpro/devkitARM/lib/gcc/arm-none-eabi/15.2.0/../../../../arm-none-eabi/lib/thumb/libg.a(libc_a-strcpy.o)
                              cheat.o (strcpy)
/opt/devkitpro/devkitARM/lib/gcc/arm-none-eabi/15.2.0/../../../../arm-none-eabi/lib/thumb/libg.a(libc_a-memset.o)
                              minilzo.o (memset)
/opt/devkitpro/devkitARM/lib/gcc/arm-none-eabi/15.2.0/../../../../arm-none-eabi/lib/thumb/libg.a(libc_a-init.o)
                              gba_crt0_my.o (__libc_init_array)
/opt/devkitpro/devkitARM/lib/gcc/arm-none-eabi/15.2.0/../../../../arm-none-eabi/lib/thumb/libg.a(libc_a-memchr-stub.o)
                              new_speed_hack.o (memchr)
/opt/devkitpro/devkitARM/lib/gcc/arm-none-eabi/15.2.0/../../../../arm-none-eabi/lib/thumb/libg.a(libc_a-memmove.o)
                              minilzo.o (memmove)

Allocating common symbols
Common symbol       size              file

vt_prg_banks        0x4               vt_regs.o

There are no discarded input sections

Memory Configuration

Name             Origin             Length             Attributes
rom              0x08000000         0x02000000
iwram            0x03000000         0x00008000
ewram            0x02000000         0x00040000
vram1            0x06003000         0x00001000
*default*        0x00000000         0xffffffff

Linker script and memory map

LOAD cache.o
LOAD cheat.o
LOAD crash.o
LOAD disasm.o
LOAD interrupt.o
LOAD loadcart.o
LOAD main.o
LOAD mbclient.o
LOAD minilzo.o
LOAD new_speed_hack.o
LOAD pocketnes_text.o
LOAD ppu_vt.o
LOAD rommenu.o
LOAD savestate2.o
LOAD spritecache.o
LOAD sram.o
LOAD ui.o
LOAD vt_regs.o
LOAD 6502.o
LOAD 6502_vt.o
LOAD apack.o
LOAD bindata.o
LOAD cart.o
LOAD cf.o
LOAD division.o
LOAD interruptdispatcher.o
LOAD io.o
LOAD link.o
LOAD memcopy.o
LOAD memory.o
LOAD mem.o
LOAD ppu.o
LOAD sound.o
LOAD speedhack_asm.o
LOAD timeout.o
LOAD visoly.o
LOAD konami.o
LOAD map023771.o
LOAD map105.o
LOAD map113.o
LOAD map1166.o
LOAD map11.o
LOAD map151.o
LOAD map15.o
LOAD map163.o
LOAD map16.o
LOAD map17.o
LOAD map184.o
LOAD map18.o
LOAD map19.o
LOAD map1.o
LOAD map2125.o
LOAD map225.o
LOAD map228.o
LOAD map22.o
LOAD map232.o
LOAD map23.o
LOAD map2426.o
LOAD map28.o
LOAD map30.o
LOAD map32.o
LOAD map33.o
LOAD map34.o
LOAD map38.o
LOAD map40.o
LOAD map41.o
LOAD map42.o
LOAD map4.o
LOAD map5.o
LOAD map64.o
LOAD map65.o
LOAD map67.o
LOAD map68.o
LOAD map69.o
LOAD map70152.o
LOAD map71.o
LOAD map72.o
LOAD map73.o
LOAD map75.o
LOAD map76.o
LOAD map77.o
LOAD map78.o
LOAD map79.o
LOAD map80.o
LOAD map82.o
LOAD map85.o
LOAD map86.o
LOAD map87.o
LOAD map88.o
LOAD map89.o
LOAD map92.o
LOAD map93.o
LOAD map94.o
LOAD map97.o
LOAD map99.o
LOAD map9.o
LOAD mapVT.o
LOAD gba_crt0_my.o
LOAD /opt/devkitpro/libgba/lib/libgba.a
START GROUP
LOAD /opt/devkitpro/devkitARM/lib/gcc/arm-none-eabi/15.2.0/thumb/libgcc.a
LOAD /opt/devkitpro/devkitARM/lib/gcc/arm-none-eabi/15.2.0/../../../../arm-none-eabi/lib/thumb/libg.a
LOAD /opt/devkitpro/devkitARM/lib/gcc/arm-none-eabi/15.2.0/../../../../arm-none-eabi/lib/thumb/libc.a
LOAD /opt/devkitpro/devkitARM/lib/gcc/arm-none-eabi/15.2.0/../../../../arm-none-eabi/lib/thumb/libsysbase.a
END GROUP
                0x08000000                        __text_start = ORIGIN (rom)
                0x02040000                        __eheap_end = (ORIGIN (ewram) + LENGTH (ewram))
                0x03000000                        __iwram_start = ORIGIN (iwram)
                0x03008000                        __iwram_top = (ORIGIN (iwram) + LENGTH (iwram))
                0x03007e00                        __sp_irq = (__iwram_top - 0x200)
                0x03007d60                        __sp_usr = (__sp_irq - 0xa0)
                0x03007ff8                        __irq_flags = 0x3007ff8
                0x08000000                        . = __text_start

.init           0x08000000      0x218
 *(.init)
 .init          0x08000000      0x218 gba_crt0_my.o
                0x08000000                _start
                0x080000c4                __boot_method
                0x080000c5                __slave_number
                0x080000e0                start_vector
                0x08000218                        . = ALIGN (0x4)

.plt            0x08000218        0x0
 *(.plt)
                0x08000218                        . = ALIGN (0x4)

.text           0x08000218    0x103f0
 *(EXCLUDE_FILE(*.iwram*) .text)
 .text          0x08000218      0x25c cache.o
                0x08000218                memcpy_if_okay
                0x08000238                simpleswap_if_okay
                0x08000250                assign_chr_pages
                0x08000270                assign_prg_pages
                0x08000290                assign_prg_pages2
                0x080002a2                assign_chr_pages2
                0x080002b4                swap_prg_pages
                0x080002fc                make_contiguous
                0x08000370                get_rom_map
                0x08000434                get_vram_map
                0x08000464                rebankswitch
 .text          0x08000474      0xa04 cheat.o
                0x08000474                print_cheatfinder_line_func
                0x080004c4                print_cheatfinder_line_newold_func
                0x0800050c                drawui5
                0x0800064c                update_cheatfinder_tally
                0x080006a0                reset_cheatfinder
                0x080006bc                cheat_memcopy
                0x080006dc                write_byte
                0x080006fa                add_cheat
                0x08000784                real_address
                0x080007a6                do_cheats
                0x080007ec                do_cheat_test
                0x08000802                cf_equal
                0x08000810                cf_notequal
                0x0800081e                cf_greater
                0x0800082c                cf_less
                0x0800083a                cf_greaterequal
                0x08000848                cf_lessequal
                0x08000856                cf_comparewith
                0x08000870                cf_update
                0x0800089c                cf_newsearch
                0x080008d4                ui5
                0x0800090c                cf_next_result
                0x08000940                cf_result
                0x0800095e                cf_drawresults
                0x08000a2c                cf_drawedit
                0x08000b64                edit_cheat
                0x08000c60                cf_results
                0x08000d00                delete_cheat
                0x08000d8c                cf_editcheats
 .text          0x08000e78      0x1b4 crash.o
                0x08000e78                crash
 .text          0x0800102c        0x0 disasm.o
 .text          0x0800102c      0x138 interrupt.o
                0x0800102c                dummy
                0x0800102e                irqInit
                0x08001058                InitInterrupt
                0x08001064                irqSet
                0x0800109c                SetInterrupt
                0x080010a8                irqEnable
                0x080010fc                EnableInterrupt
                0x08001108                irqDisable
                0x08001158                DisableInterrupt
 .text          0x08001164      0xc18 loadcart.o
                0x08001164                get_end_of_cache
                0x080011c8                setup_cheatfinder
                0x08001224                stop_dma_interrupts
                0x0800126c                resume_interrupts
                0x08001278                swapmem
                0x080012a2                init_cache
                0x08001a50                redecompress
                0x08001a88                loadcart
 .text          0x08001d7c      0x404 main.o
                0x08001d7c                _init
                0x08001d7e                splash
                0x08001e08                strstr_
                0x08001e4a                C_entry
 .text          0x08002180        0x0 mbclient.o
 .text          0x08002180      0x9f8 minilzo.o
                0x08002180                __lzo_ptr_linear
                0x08002182                __lzo_align_gap
                0x0800219a                lzo_assert
                0x080021a0                lzo_copyright
                0x080021a8                lzo_version
                0x080021b0                lzo_version_string
                0x080021b8                lzo_version_date
                0x080021c0                _lzo_version_string
                0x080021c8                _lzo_version_date
                0x080021d0                lzo_adler32
                0x08002318                lzo_memcmp
                0x08002324                lzo_memcpy
                0x08002330                lzo_memmove
                0x0800233c                lzo_memset
                0x08002348                _lzo_config_check
                0x080023c8                __lzo_init2
                0x08002450                lzo1x_1_compress
                0x08002728                lzo1x_decompress
                0x080028e8                lzo1x_decompress_safe
 .text          0x08002b78      0x420 new_speed_hack.o
                0x08002b78                quickhackfinder
                0x08002dec                konami_match
                0x08002e78                game_specific_hack
                0x08002f28                speedhack_manager
 .text          0x08002f98      0x390 pocketnes_text.o
                0x08002f98                lookup_character
                0x08002fbc                swap_column
                0x08003028                move_ui
                0x0800309c                loadfont
                0x080030b4                loadfontpal
                0x080030d0                clearoldkey
                0x080030e4                getmenuinput
                0x08003160                cls
                0x080031dc                drawtext
                0x08003298                setdarknessgs
                0x080032c4                get_ready_to_display_text
                0x080032f0                setbrightnessall
                0x08003308                waitkey
 .text          0x08003328     0x15e0 ppu_vt.o
                0x080040c8                vt_ppumode_write
                0x080040d4                vt_palette_write
                0x08004104                vt_palette_write_lo
                0x0800413c                vt_palette_write_hi
                0x0800417c                vt_palette_rebuild_gba
                0x080042bc                vt_oam_ext_write
                0x080042cc                vt_chr_sync_from_prg
                0x080042e4                vt_chr4_do_rebuild
                0x080042f8                vt_bk_invalidate
                0x08004324                vt_bk_banks_recheck
                0x0800438c                vt_bk_frame_check
                0x080043f4                vt_bk_lut_refresh
                0x0800443c                vt_bk_attr_shadow_reset
                0x08004454                ppu_vt_reset
                0x080044ac                ppu_vt_init
                0x080044b8                vt_bk_consume
                0x08004600                vt_bk_scrub
                0x08004648                vt_chr4_rebuild_if_dirty
                0x08004754                vt_bk_whole
                0x08004794                vt_16c_palette_fixup
                0x080047d4                vt_ppu_reg_write
 .text          0x08004908      0x3fc rommenu.o
                0x08004908                find_nes_header
                0x08004928                findrom
                0x0800497c                drawmenu
                0x08004a78                rommenu
                0x08004b9c                getinput
                0x08004bf4                rommenu_frame
 .text          0x08004d04      0x610 savestate2.o
                0x08004fe4                loadstate
                0x080052a0                savestate
 .text          0x08005314      0x1f4 spritecache.o
                0x08005314                init_sprite_cache
                0x08005380                add_if_needed
                0x080053a0                recache_sprites
 .text          0x08005508      0xf68 sram.o
                0x08005508                sram_matches
                0x08005544                bytecopy
                0x08005558                flush_end_sram
                0x08005594                probe_sram_size
                0x0800564c                getsram
                0x080056a8                writeerror
                0x080056f4                twodigits
                0x0800571c                getstatetimeandsize
                0x08005798                drawstates
                0x08005938                findstate
                0x0800598c                get_sram_owner
                0x08005998                findconfig
                0x080059c8                updatestates
                0x08005ad4                managesram
                0x08005b50                deletemenu
                0x08005bc0                writeconfig
                0x08005cd8                no_sram_owner
                0x08005cf4                readconfig
                0x08005da0                checksum
                0x08005e00                compressstate
                0x08005e74                savestatemenu
                0x08005f08                save_new_sram
                0x08005f48                can_quickload
                0x08005f68                find_rom_number_by_checksum
                0x08005f9c                backup_nes_sram
                0x0800609c                cheatload
                0x08006124                cheatsave
                0x080061b4                quicksave
                0x0800622c                register_sram_owner
                0x0800624c                get_saved_sram
                0x080062c4                setup_sram_after_loadstate
                0x0800630c                uncompressstate
                0x08006350                loadstatemenu
                0x08006420                quickload
                0x08006460                using_flashcart
 .text          0x08006470      0xd2c ui.o
                0x08006470                autoAset
                0x080064c0                autoBset
                0x08006510                vblset
                0x08006528                fpsset
                0x08006538                swapAB
                0x0800654c                autostateset
                0x0800655c                autostateset2
                0x0800656c                followramtoggle
                0x0800657c                controller
                0x080065a4                brightset
                0x080065c8                display
                0x080065f0                sleepset
                0x08006644                flickset
                0x0800666c                strmerge_str
                0x08006698                text1_str
                0x080066d0                print_1_func
                0x080066e0                text2_str
                0x08006708                print_2_func
                0x08006718                GetRegion
                0x08006738                drawui2
                0x08006804                SetRegion
                0x08006838                nextregion
                0x0800684e                text
                0x08006880                text2
                0x080068a0                strmerge
                0x080068bc                drawui1
                0x080069a4                strmerge3
                0x080069ca                strmerge4
                0x080069f8                hexn
                0x08006a40                drawui3
                0x08006b00                drawclock
                0x08006b68                ui
                0x08006cf4                fadetowhite
                0x08006d1e                exit_
                0x08006d68                sleep_
                0x08006d94                scrolll
                0x08006dc4                restart
                0x08006de4                scrollr
                0x08006e10                subui
                0x08006eb0                ui2
                0x08006ebe                ui3
                0x08006ecc                ui4
                0x08006eda                cpuhacktoggle
                0x08006ef4                ppuhacktoggle
                0x08006f10                draw_input_text
                0x08006f64                inputhex
                0x08007028                selectfollowaddress
                0x08007078                inputtext
                0x0800713c                number_at
                0x08007182                number
 .text          0x0800719c      0x93c vt_regs.o
                0x080072a0                vt_timer_tick_frame
                0x080072fc                vt_recompute_prg_banks
                0x08007360                vt09_set_encryption
                0x08007374                vt09_decode_opcode
                0x08007408                vt_rebuild_optable
                0x08007498                vt_reset
                0x08007584                vt_reg_write
                0x080077ec                vt_mmc3_forward
                0x08007914                vt_reg_read
                0x08007960                vt_adpcm_tick
                0x080079dc                vt_adpcm_mix_gba
 .text          0x08007ad8      0x48c 6502.o
                0x08007ec4                CPU_reset
 .text          0x08007f64      0x1dc 6502_vt.o
                0x08007f64                vt_patch_optable
 .text          0x08008140       0x1c apack.o
                0x08008140                depack
 .text          0x0800815c        0x0 bindata.o
 .text          0x0800815c      0x7b0 cart.o
                0x080082fc                loadcart_asm
                0x080084bc                hardreset
                0x080084d8                tags
                0x08008518                loadstate_gfx
                0x08008770                reset_all
                0x080088b0                reset_buffers
 .text          0x0800890c       0xa8 cf.o
                0x0800890c                cheat_test
 .text          0x080089b4        0x0 division.o
 .text          0x080089b4        0xc interruptdispatcher.o
 .text          0x080089c0      0x2a4 io.o
                0x080089c0                breakpoint
                0x080089c8                vbaprint
                0x080089d0                waitframe
                0x080089e0                CheckGBAVersion
                0x08008a34                IO_reset
                0x08008a80                spriteinit
                0x08008aec                suspend
                0x08008b34                gettime
                0x08008bf4                doReset
 .text          0x08008c64      0x310 link.o
                0x08008c64                serialinterrupt
                0x08008e20                resetSIO
                0x08008e78                link_multi
 .text          0x08008f74       0x24 memcopy.o
                0x08008f74                memset8
                0x08008f80                memset32_
                0x08008f84                memset16_
                0x08008f88                memcpy32_
 .text          0x08008f98        0x0 memory.o
 .text          0x08008f98        0x0 mem.o
 .text          0x08008f98     0x14f0 ppu.o
                0x08008f98                nes_rgb
                0x08009198                remap_pal
                0x080092f4                paletteinit
                0x08009370                build_chr_decode
                0x080093d4                PPU_reset
                0x08009e3c                sprite_zero_handler_3
                0x08009e5c                turn_screen_on
                0x08009f54                catchups
                0x08009f68                turn_screen_off
                0x0800a1d0                newframe_set0
                0x0800a2d4                dma_W
                0x0800a404                set_bg_cache_available
                0x0800a420                set_bg_cache_produce_limit_consume_begin
 .text          0x0800a488      0xef4 sound.o
                0x0800a488                frame_sequencer_handler
                0x0800a7d0                want_to_do_frame_irq
                0x0800a7e8                frame_irq_handler
                0x0800a830                vt_timer_install_now
                0x0800a980                _4000w
                0x0800aa08                _4001w
                0x0800aa18                _4002w
                0x0800aa20                update_sq1_period
                0x0800aa70                _4003w
                0x0800aacc                _4004w
                0x0800ab54                _4005w
                0x0800ab64                _4006w
                0x0800ab6c                update_sq2_period
                0x0800abbc                _4007w
                0x0800abf8                _4008w
                0x0800ac00                _400Aw
                0x0800ac08                update_tri_period
                0x0800ac3c                _400Bw
                0x0800ac7c                _400Cw
                0x0800acc4                _400Ew
                0x0800acfc                _400Fw
                0x0800ad24                _4010w
                0x0800ada8                _4011w
                0x0800adbc                _4012w
                0x0800add4                _4013w
                0x0800aecc                _4015w
                0x0800b000                _4017w
                0x0800b070                _4015r
                0x0800b1fc                dmc_handler
                0x0800b208                Sound_hardware_reset
                0x0800b2cc                sound_reset
                0x0800b2f8                reset_sound_after_loadstate
 .text          0x0800b37c       0xc4 speedhack_asm.o
                0x0800b3c4                cpuhack_reset
 .text          0x0800b440      0x914 timeout.o
                0x0800b440                run
                0x0800b8bc                nmi_handler
                0x0800b95c                ntsc_pal_reset
                0x0800ba34                timeout_reset
                0x0800baa4                encode_timeouts
                0x0800bb14                decode_timeouts
                0x0800bc28                HandlersTable
 .text          0x0800bd54      0x1bc visoly.o
                0x0800bd54                VISOLY_START
                0x0800bf10                VISOLY_END
 .text          0x0800bf10        0x0 konami.o
 .text          0x0800bf10       0x78 map023771.o
                0x0800bf10                mapper0init
                0x0800bf24                mapper2init
                0x0800bf38                mapper3init
                0x0800bf4c                mapper7init
                0x0800bf60                mapper71init
                0x0800bf74                mapper180init
 .text          0x0800bf88      0x164 map105.o
                0x0800bf88                mapper105init
 .text          0x0800c0ec       0x90 map113.o
                0x0800c0ec                mapper113init
 .text          0x0800c17c       0x74 map1166.o
                0x0800c17c                mapper11init
                0x0800c190                mapper66init
 .text          0x0800c1f0       0x60 map11.o
 .text          0x0800c250       0x64 map151.o
                0x0800c250                mapper151init
 .text          0x0800c2b4      0x180 map15.o
                0x0800c2b4                mapper15init
 .text          0x0800c434      0x1f4 map163.o
                0x0800c434                mapper163init
                0x0800c574                Mapper163HalfScreenHandler
 .text          0x0800c628      0x1b8 map16.o
                0x0800c628                mapper16init
                0x0800c650                map16_handler
 .text          0x0800c7e0      0x100 map17.o
                0x0800c7e0                mapper17init
                0x0800c8a4                mapper_17_hook
 .text          0x0800c8e0       0x3c map184.o
                0x0800c8e0                mapper184init
 .text          0x0800c91c      0x270 map18.o
                0x0800c91c                mapper18init
                0x0800c938                map18_handler
 .text          0x0800cb8c      0x240 map19.o
                0x0800cb8c                mapper210init
                0x0800cba0                mapper19init
                0x0800cbc4                map19_irq_handler
                0x0800cbe4                map19_handler
 .text          0x0800cdcc       0x44 map1.o
                0x0800cdcc                mapper1init
 .text          0x0800ce10      0x10c map2125.o
                0x0800ce10                mapper25init
                0x0800ce10                mapper21init
 .text          0x0800cf1c      0x128 map225.o
                0x0800cf1c                mapper225init
 .text          0x0800d044       0xac map228.o
                0x0800d044                mapper228init
 .text          0x0800d0f0       0x84 map22.o
                0x0800d0f0                mapper22init
 .text          0x0800d174       0x64 map232.o
                0x0800d174                mapper232init
 .text          0x0800d1d8       0xd0 map23.o
                0x0800d1d8                mapper23init
 .text          0x0800d2a8       0xb4 map2426.o
                0x0800d2a8                mapper24init
                0x0800d2bc                mapper26init
 .text          0x0800d35c       0xcc map28.o
                0x0800d35c                mapper28init
 .text          0x0800d428       0x5c map30.o
                0x0800d428                mapper30init
 .text          0x0800d484       0x60 map32.o
                0x0800d484                mapper32init
 .text          0x0800d4e4       0xa0 map33.o
                0x0800d4e4                mapper33init
 .text          0x0800d584       0x5c map34.o
                0x0800d584                mapper34init
 .text          0x0800d5e0       0x68 map38.o
                0x0800d5e0                mapper38init
 .text          0x0800d648       0x70 map40.o
                0x0800d648                mapper40init
 .text          0x0800d6b8       0xc8 map41.o
                0x0800d6b8                mapper41init
 .text          0x0800d780       0x8c map42.o
                0x0800d780                mapper42init
 .text          0x0800d80c      0x3a4 map4.o
                0x0800d80c                mapper74init
                0x0800d80c                mapper118init
                0x0800d80c                mapper249init
                0x0800d80c                mapper245init
                0x0800d80c                mapper119init
                0x0800d80c                mapper4init
                0x0800d888                mapper206init
                0x0800da20                mmc3_ntsc_pal_reset
 .text          0x0800dbb0      0x54c map5.o
                0x0800dbb0                mapper5init
                0x0800dfb0                mmc5_handler_2
                0x0800dfc4                mmc5_handler
 .text          0x0800e0fc      0x310 map64.o
                0x0800e144                mapper64init
 .text          0x0800e40c      0x1d4 map65.o
                0x0800e40c                mapper65init
                0x0800e420                map65_handler
 .text          0x0800e5e0      0x1a8 map67.o
                0x0800e5e0                mapper67init
                0x0800e5f4                map67_handler
 .text          0x0800e788       0x64 map68.o
                0x0800e788                mapper68init
 .text          0x0800e7ec      0x200 map69.o
                0x0800e7ec                mapper69init
                0x0800e800                map69_handler
 .text          0x0800e9ec       0x48 map70152.o
                0x0800e9ec                mapper152init
                0x0800e9ec                mapper70init
 .text          0x0800ea34       0x7c map71.o
 .text          0x0800eab0       0x3c map72.o
                0x0800eab0                mapper72init
 .text          0x0800eaec       0x94 map73.o
                0x0800eaec                mapper73init
 .text          0x0800eb80       0xc0 map75.o
                0x0800eb80                mapper75init
 .text          0x0800ec40       0x68 map76.o
                0x0800ec40                mapper76init
 .text          0x0800eca8       0x50 map77.o
                0x0800eca8                mapper77init
 .text          0x0800ecf8       0x54 map78.o
                0x0800ecf8                mapper78init
 .text          0x0800ed4c       0x58 map79.o
                0x0800ed4c                mapper79init
 .text          0x0800eda4      0x104 map80.o
                0x0800eda4                mapper80init
 .text          0x0800eea8       0x70 map82.o
                0x0800eea8                mapper82init
 .text          0x0800ef18       0x74 map85.o
                0x0800ef18                mapper85init
 .text          0x0800ef8c       0x54 map86.o
                0x0800ef8c                mapper86init
 .text          0x0800efe0       0x20 map87.o
                0x0800efe0                mapper87init
 .text          0x0800f000       0x84 map88.o
                0x0800f000                mapper88init
 .text          0x0800f084       0x90 map89.o
                0x0800f084                mapper89init
 .text          0x0800f114       0x5c map92.o
                0x0800f114                mapper92init
 .text          0x0800f170       0x38 map93.o
                0x0800f170                mapper93init
 .text          0x0800f1a8       0x20 map94.o
                0x0800f1a8                mapper94init
 .text          0x0800f1c8       0x3c map97.o
                0x0800f1c8                mapper97init
 .text          0x0800f204       0x54 map99.o
                0x0800f204                mapper99init
 .text          0x0800f258       0xbc map9.o
                0x0800f258                mapper9init
                0x0800f27c                mapper10init
                0x0800f2dc                mapper9BGcheck
 .text          0x0800f314      0x28c mapVT.o
                0x0800f314                mapVTinit
                0x0800f370                vt_apply_prg_banks
                0x0800f3b8                read_vt4xxx
                0x0800f3cc                write_vt4xxx
                0x0800f524                write_vt_rom
 .text          0x0800f5a0        0x0 gba_crt0_my.o
 .text          0x0800f5a0       0x24 /opt/devkitpro/libgba/lib/libgba.a(Compression.o)
                0x0800f5a0                BitUnPack
                0x0800f5a4                LZ77UnCompWram
                0x0800f5a8                LZ77UnCompVram
                0x0800f5ac                HuffUnComp
                0x0800f5b0                RLUnCompWram
                0x0800f5b4                RLUnCompVram
                0x0800f5b8                Diff8bitUnFilterWram
                0x0800f5bc                Diff8bitUnFilterVram
                0x0800f5c0                Diff16bitUnFilter
 .text          0x0800f5c4      0x3c4 /opt/devkitpro/libgba/lib/libgba.a(interrupt.o)
 .text          0x0800f988       0x14 /opt/devkitpro/devkitARM/lib/gcc/arm-none-eabi/15.2.0/thumb/libgcc.a(_thumb1_case_sqi.o)
                0x0800f988                __gnu_thumb1_case_sqi
 .text          0x0800f99c       0x14 /opt/devkitpro/devkitARM/lib/gcc/arm-none-eabi/15.2.0/thumb/libgcc.a(_thumb1_case_uqi.o)
                0x0800f99c                __gnu_thumb1_case_uqi
 .text          0x0800f9b0       0x14 /opt/devkitpro/devkitARM/lib/gcc/arm-none-eabi/15.2.0/thumb/libgcc.a(_thumb1_case_shi.o)
                0x0800f9b0                __gnu_thumb1_case_shi
 .text          0x0800f9c4      0x11c /opt/devkitpro/devkitARM/lib/gcc/arm-none-eabi/15.2.0/thumb/libgcc.a(_udivsi3.o)
                0x0800f9c4                __udivsi3
                0x0800f9c4                __aeabi_uidiv
                0x0800fac0                __aeabi_uidivmod
 .text          0x0800fae0      0x150 /opt/devkitpro/devkitARM/lib/gcc/arm-none-eabi/15.2.0/thumb/libgcc.a(_divsi3.o)
                0x0800fae0                __aeabi_idiv
                0x0800fae0                __divsi3
                0x0800fc10                __aeabi_idivmod
 .text          0x0800fc30        0x4 /opt/devkitpro/devkitARM/lib/gcc/arm-none-eabi/15.2.0/thumb/libgcc.a(_dvmd_tls.o)
                0x0800fc30                __aeabi_ldiv0
                0x0800fc30                __aeabi_idiv0
 .text          0x0800fc34       0x3c /opt/devkitpro/devkitARM/lib/gcc/arm-none-eabi/15.2.0/thumb/libgcc.a(_aeabi_uldivmod.o)
                0x0800fc34                __aeabi_uldivmod
 .text          0x0800fc70        0x0 /opt/devkitpro/devkitARM/lib/gcc/arm-none-eabi/15.2.0/thumb/libgcc.a(_udivmoddi4.o)
 .text          0x0800fc70       0x28 /opt/devkitpro/devkitARM/lib/gcc/arm-none-eabi/15.2.0/thumb/libgcc.a(_clzdi2.o)
                0x0800fc70                __clzdi2
 .text          0x0800fc98       0x48 /opt/devkitpro/devkitARM/lib/gcc/arm-none-eabi/15.2.0/thumb/libgcc.a(_clzsi2.o)
                0x0800fc98                __clzsi2
 .text          0x0800fce0        0x0 /opt/devkitpro/devkitARM/lib/gcc/arm-none-eabi/15.2.0/../../../../arm-none-eabi/lib/thumb/libg.a(libc_a-strcat.o)
 .text          0x0800fce0        0x0 /opt/devkitpro/devkitARM/lib/gcc/arm-none-eabi/15.2.0/../../../../arm-none-eabi/lib/thumb/libg.a(libc_a-memcpy-stub.o)
 .text          0x0800fce0        0x0 /opt/devkitpro/devkitARM/lib/gcc/arm-none-eabi/15.2.0/../../../../arm-none-eabi/lib/thumb/libg.a(libc_a-strlen.o)
 .text          0x0800fce0        0x0 /opt/devkitpro/devkitARM/lib/gcc/arm-none-eabi/15.2.0/../../../../arm-none-eabi/lib/thumb/libg.a(libc_a-memcmp.o)
 .text          0x0800fce0        0x0 /opt/devkitpro/devkitARM/lib/gcc/arm-none-eabi/15.2.0/../../../../arm-none-eabi/lib/thumb/libg.a(libc_a-strcpy.o)
 .text          0x0800fce0        0x0 /opt/devkitpro/devkitARM/lib/gcc/arm-none-eabi/15.2.0/../../../../arm-none-eabi/lib/thumb/libg.a(libc_a-memset.o)
 .text          0x0800fce0        0x0 /opt/devkitpro/devkitARM/lib/gcc/arm-none-eabi/15.2.0/../../../../arm-none-eabi/lib/thumb/libg.a(libc_a-init.o)
 .text          0x0800fce0        0x0 /opt/devkitpro/devkitARM/lib/gcc/arm-none-eabi/15.2.0/../../../../arm-none-eabi/lib/thumb/libg.a(libc_a-memchr-stub.o)
 .text          0x0800fce0        0x0 /opt/devkitpro/devkitARM/lib/gcc/arm-none-eabi/15.2.0/../../../../arm-none-eabi/lib/thumb/libg.a(libc_a-memmove.o)
 *(.text .stub SORT_BY_NAME(.text.*) .gnu.linkonce.t.*)
 .text.__libc_init_array
                0x0800fce0       0x54 /opt/devkitpro/devkitARM/lib/gcc/arm-none-eabi/15.2.0/../../../../arm-none-eabi/lib/thumb/libg.a(libc_a-init.o)
                0x0800fce0                __libc_init_array
 .text.__udivmoddi4
                0x0800fd34      0x194 /opt/devkitpro/devkitARM/lib/gcc/arm-none-eabi/15.2.0/thumb/libgcc.a(_udivmoddi4.o)
                0x0800fd34                __udivmoddi4
 .text.memchr   0x0800fec8       0x74 /opt/devkitpro/devkitARM/lib/gcc/arm-none-eabi/15.2.0/../../../../arm-none-eabi/lib/thumb/libg.a(libc_a-memchr-stub.o)
                0x0800fec8                memchr
 .text.memcmp   0x0800ff3c       0x48 /opt/devkitpro/devkitARM/lib/gcc/arm-none-eabi/15.2.0/../../../../arm-none-eabi/lib/thumb/libg.a(libc_a-memcmp.o)
                0x0800ff3c                memcmp
 .text.memcpy   0x0800ff84       0xac /opt/devkitpro/devkitARM/lib/gcc/arm-none-eabi/15.2.0/../../../../arm-none-eabi/lib/thumb/libg.a(libc_a-memcpy-stub.o)
                0x0800ff84                memcpy
 .text.memmove  0x08010030      0x108 /opt/devkitpro/devkitARM/lib/gcc/arm-none-eabi/15.2.0/../../../../arm-none-eabi/lib/thumb/libg.a(libc_a-memmove.o)
                0x08010030                memmove
 .text.memset   0x08010138       0x8c /opt/devkitpro/devkitARM/lib/gcc/arm-none-eabi/15.2.0/../../../../arm-none-eabi/lib/thumb/libg.a(libc_a-memset.o)
                0x08010138                memset
 .text.startup  0x080101c4       0x44 main.o
                0x080101c4                main
 .text.strcat   0x08010208       0x70 /opt/devkitpro/devkitARM/lib/gcc/arm-none-eabi/15.2.0/../../../../arm-none-eabi/lib/thumb/libg.a(libc_a-strcat.o)
                0x08010208                strcat
 .text.strcpy   0x08010278       0x10 /opt/devkitpro/devkitARM/lib/gcc/arm-none-eabi/15.2.0/../../../../arm-none-eabi/lib/thumb/libg.a(libc_a-strcpy.o)
                0x08010278                strcpy
 .text.strlen   0x08010288       0x60 /opt/devkitpro/devkitARM/lib/gcc/arm-none-eabi/15.2.0/../../../../arm-none-eabi/lib/thumb/libg.a(libc_a-strlen.o)
                0x08010288                strlen
 .text.strlen.__stub
                0x080102e8      0x2c4 linker stubs
 *(.text.*personality*)
 *(.gnu.warning)
 *(.glue_7t)
 .glue_7t       0x080105ac        0x0 linker stubs
 *(.glue_7)
 .glue_7        0x080105ac        0x0 linker stubs
 *(.vfp11_veneer)
 .vfp11_veneer  0x080105ac        0x0 linker stubs
                0x080105ac                        . = ALIGN (0x4)
                0x08010608                        __text_end = .

.v4_bx          0x08010608        0x0
 .v4_bx         0x08010608        0x0 linker stubs

.iplt           0x08010608        0x0
 .iplt          0x08010608        0x0 cache.o

.append         0x08010608      0x6fc
 .append        0x08010608      0x6fc bindata.o
                0x08010608                font
                0x08010cc4                fontpal

.fini           0x08010d04        0x0
 *(.fini)
                0x08010d04                        . = ALIGN (0x4)

.rodata         0x08010d04     0x2c68
 *(.rodata)
 .rodata        0x08010d04       0x74 crash.o
                0x08010d04                regtxt3
                0x08010d1c                reg3offsets
                0x08010d24                regtxt
                0x08010d50                regtxt2
 .rodata        0x08010d78        0x4 main.o
                0x08010d78                ne
 .rodata        0x08010d7c        0x5 minilzo.o
                0x08010d7c                __lzo_copyright
 *fill*         0x08010d81        0x3 ff
 .rodata        0x08010d84      0x18d new_speed_hack.o
                0x08010d84                konami_speedhack_sizes
                0x08010d90                konami_speedhacks
                0x08010db4                capcom_speedhack
                0x08010dc7                konami_speedhack_cycles
                0x08010dd0                quickhackfinder_ins_table
                0x08010ed0                konami_speedhack_8
                0x08010ed6                konami_speedhack_7
                0x08010edc                konami_speedhack_6
                0x08010ee4                konami_speedhack_5
                0x08010eec                konami_speedhack_4
                0x08010ef3                konami_speedhack_3
                0x08010efa                konami_speedhack_2
                0x08010f01                konami_speedhack_1
                0x08010f08                konami_speedhack_0
 .rodata        0x08010f11        0xb pocketnes_text.o
 .rodata        0x08010f1c     0x209c ppu_vt.o
 .rodata        0x08012fb8       0xf3 savestate2.o
                0x08012fb8                sizes
                0x08012ff8                addresses
                0x08013038                load_functions
                0x08013058                save_function_numbers
                0x08013068                save_functions
                0x08013088                saveversion
 *fill*         0x080130ab        0x1 ff
 .rodata        0x080130ac       0x30 sram.o
                0x080130ac                configtemplate
 .rodata        0x080130dc      0x18c ui.o
                0x080130dc                vsynctxt
                0x080130e8                autotxt
                0x080130f4                sleeptxt
                0x08013104                cntrtxt
                0x08013114                hostname
                0x08013128                ctrltxt
                0x08013140                disptxt
                0x08013150                flicktxt
                0x08013158                brightxt
                0x0801316c                followtxt
                0x08013174                followtxt2
                0x0801317c                MENUXITEMS
                0x08013184                fnlistX
                0x0801319c                drawuiX
                0x080131b4                fnlist5
                0x080131e0                fnlistdummy
                0x080131e4                fnlist3
                0x080131f8                fnlist2
                0x08013214                fnlist1
                0x08013244                multifnlist
 .rodata        0x08013268       0xc8 vt_regs.o
 *all.rodata*(*)
 *(.roda)
 *(.rodata.*)
 .rodata.str1.1
                0x08013330      0x63b cheat.o
                                0x134 (size before relaxing)
 .rodata.str1.1
                0x0801396b        0x0 crash.o
                                0x103 (size before relaxing)
 .rodata.str1.1
                0x0801396b        0x0 main.o
                                 0x7f (size before relaxing)
 .rodata.str1.1
                0x0801396b        0x0 minilzo.o
                                 0x11 (size before relaxing)
 .rodata.str1.1
                0x0801396b        0x0 sram.o
                                 0xfb (size before relaxing)
 .rodata.str1.1
                0x0801396b        0x0 ui.o
                                0x2aa (size before relaxing)
 *(.gnu.linkonce.r*)
                0x0801396c                        . = ALIGN (0x4)
 *fill*         0x0801396b        0x1 ff

.ARM.extab
 *(.ARM.extab* .gnu.linkonce.armextab.*)
                0x0801396c                        __exidx_start = .

.ARM.exidx
 *(.ARM.exidx* .gnu.linkonce.armexidx.*)
                0x0801396c                        __exidx_end = .

.ctors          0x0801396c        0x0
 *crtbegin.o(.ctors)
 *(EXCLUDE_FILE(*crtend.o) .ctors)
 *(SORT_BY_NAME(.ctors.*))
 *(.ctors)
                0x0801396c                        . = ALIGN (0x4)

.dtors          0x0801396c        0x0
 *crtbegin.o(.dtors)
 *(EXCLUDE_FILE(*crtend.o) .dtors)
 *(SORT_BY_NAME(.dtors.*))
 *(.dtors)
                0x0801396c                        . = ALIGN (0x4)

.eh_frame       0x0801396c        0x0
 *(.eh_frame)
                0x0801396c                        . = ALIGN (0x4)

.gcc_except_table
                0x0801396c        0x0
 *(.gcc_except_table)
                0x0801396c                        . = ALIGN (0x4)
                0x0801396c                        __iwram_lma = .

.bss_prefix     0x03000000     0x2800
                0x03000000                        __bss_prefix_start__ = ABSOLUTE (.)
 *(.bss_prefix)
 .bss_prefix    0x03000000     0x2800 mem.o
                0x03000000                NES_RAM
                0x03000800                NES_SRAM
 *(SORT_BY_NAME(.bss_prefix.*))
 *(.bss_prefix*)
                0x03002800                        . = ALIGN (0x4)
                0x03002800                        __bss_prefix_end__ = ABSOLUTE (.)

.iwram          0x03002800     0x49f8 load address 0x0801396c
                0x03002800                        __iwram_start__ = ABSOLUTE (.)
 *(.iwram)
 .iwram         0x03002800     0x1d30 6502.o
                0x03002980                _10
                0x030029b0                _10y
                0x030029c4                branchhack_back
                0x03002d38                _30
                0x03002d68                _30y
                0x03003010                _4Cy
                0x0300301c                _4C
                0x030030c0                _50
                0x030030f0                _50y
                0x030033a8                _6C
                0x0300347c                _70
                0x030034ac                _70y
                0x030037dc                _90
                0x0300380c                _90y
                0x03003b08                _B0
                0x03003b38                _B0y
                0x03003ec4                _D0
                0x03003ef4                _D0y
                0x03004238                _F0
                0x03004268                _F0y
                0x0300447c                check_irq
                0x03004488                _GO
                0x03004498                CheckI
                0x030044a0                irq6502
                0x030044b8                Vec6502
 .iwram         0x03004530        0x4 6502_vt.o
 .iwram         0x03004534      0x170 apack.o
 .iwram         0x030046a4      0x89c cart.o
                0x030046a4                vt_set_mirroring
                0x030046b4                mirrorKonami_
                0x030046c0                mirror1_
                0x030046cc                mirror2V_
                0x030046d8                mirror2H_
                0x030046e4                mirror4_
                0x03004748                map67_
                0x03004768                map89_
                0x03004788                mapAB_
                0x030047a8                mapCD_
                0x030047c8                mapEF_
                0x030047e8                map89AB_rshift_
                0x030047ec                map89AB_
                0x03004834                mapCDEF_rshift_
                0x03004838                mapCDEF_
                0x03004868                map89ABCDEF_rshift_
                0x0300486c                map89ABCDEF_
                0x030048b0                writeCHRTBL
                0x030048d0                chr0_
                0x030048ec                chr1_
                0x03004908                chr2_
                0x03004924                chr3_
                0x03004940                chr4_
                0x0300495c                chr5_
                0x03004978                chr6_
                0x03004994                chr7_
                0x030049b0                chr01_rshift_
                0x030049b4                chr01_
                0x030049e4                chr23_rshift_
                0x030049e8                chr23_
                0x03004a18                chr45_rshift_
                0x03004a1c                chr45_
                0x03004a4c                chr67_rshift_
                0x03004a50                chr67_
                0x03004a80                chr0123_
                0x03004ac4                chr01234567_rshift_
                0x03004ac8                chr01234567_
                0x03004b1c                chr4567_
                0x03004b5c                updateBGCHR_
                0x03004c24                chrfinish2
                0x03004c34                chr_req_
                0x03004d40                im_lazy
                0x03004e44                render_tiles_2
 .iwram         0x03004f40       0x48 cf.o
 .iwram         0x03004f88      0x110 interruptdispatcher.o
                0x03004f88                IntrMain
 .iwram         0x03005098       0xa0 io.o
                0x03005098                thumbcall_r1
                0x0300509c                IO_R
                0x030050c0                empty_io_r_hook
                0x030050c4                IO_W
                0x0300512c                joypad_write_ptr
                0x03005134                empty_io_w_hook
 .iwram         0x03005138      0x194 memcopy.o
                0x03005138                memset32
                0x03005140                memset16
                0x030051d4                memcpy32
                0x03005234                memmove32
                0x03005280                simpleswap32
 .iwram         0x030052cc       0x90 memory.o
                0x030052cc                empty_R
                0x030052d0                void
                0x030052d4                empty_W
                0x030052d8                ram_R
                0x030052e4                ram_W
                0x030052f0                sram_R
                0x030052fc                sram_W
                0x03005308                sram_W2
                0x03005314                sram_W2_modify
                0x03005320                rom_R60
                0x0300532c                rom_R80
                0x03005338                rom_RA0
                0x03005344                rom_RC0
                0x03005350                rom_RE0
 .iwram         0x0300535c     0x1474 ppu.o
                0x03005454                vblankinterrupt
                0x030058d0                PPU_R
                0x030058dc                PPU_read_tbl
                0x030058fc                PPU_W
                0x0300596c                ctrl0_W
                0x03005a04                ctrl1_W
                0x03005a14                ctrl1_W_force
                0x03005aa8                stat_R_simple
                0x03005aac                ppustat_
                0x03005ab4                stat_R_clearvbl
                0x03005b6c                newX
                0x03005b94                newX2
                0x03005c88                UpdateXYScroll_V_equals_T
                0x03005d38                newY
                0x03005e00                vramaddrinc_modify2
                0x03005e34                vt_pal_dma_fast
                0x03005ee8                vmdata_W
                0x03005eec                vramaddrinc_modify1
                0x03005ef8                vram_write_direct
                0x03005f00                vram_write_modify
                0x03005f04                VRAM_chr
                0x03005f20                VRAM_chr3
                0x03005f4c                VRAM_name0
                0x03005f54                writeBG
                0x03005f8c                VRAM_name1
                0x03005f98                VRAM_name2
                0x03005fa4                VRAM_name3
                0x030060dc                fpsenabled
                0x030060de                gammavalue
                0x030063ac                vt_bk_consts
                0x030063c8                display_bg
                0x0300660c                fine_x_handler
                0x03006624                update_bankbuffer
 .iwram         0x030067d0      0x110 sound.o
 .iwram         0x030068e0      0x1f4 timeout.o
                0x03006900                replace_timeout_2
                0x0300690c                install_timeout_2
                0x0300698c                remove_timeout
                0x03006a0c                get_scanline_2
                0x03006a3c                timeout_handler_branch_taken
                0x03006a74                timeout_handler
                0x03006a98                addcycles
                0x03006ac0                sleeptime
 .iwram         0x03006ad4      0x21c konami.o
                0x03006ad4                konami_handler
                0x03006bfc                KoLatch
                0x03006c04                KoLatchLo
                0x03006c18                KoLatchHi
                0x03006c28                KoCounter
                0x03006c8c                KoIRQen
 .iwram         0x03006cf0       0x30 map023771.o
 .iwram         0x03006d20      0x154 map1.o
 .iwram         0x03006e74      0x19c map4.o
                0x03006e74                mmc3_timeout_handler
                0x03006e80                run_mmc3
                0x03006f60                mmc3_set_next_timeout
                0x03006ff8                mapper_irq_handler
 .iwram         0x03007010       0x20 map9.o
 *iwram.*(.text)
 *(SORT_BY_NAME(.iwram.*))
 .iwram.vtbk    0x03007030      0x1a4 ppu_vt.o
 *fill*         0x030071d4        0x4 ff
 .iwram.vtbk.__stub
                0x030071d8       0x1c linker stubs
                0x030071f4                        . = ALIGN (0x4)
                0x030071f8                        __iwram_end__ = ABSOLUTE (.)
                0x08018364                        __data_lma = (__iwram_lma + SIZEOF (.iwram))

.data           0x030071f8      0x8cc load address 0x08018364
                0x030071f8                        __data_start__ = ABSOLUTE (.)
 *(.data)
 .data          0x030071f8        0x0 cache.o
 .data          0x030071f8        0x0 cheat.o
 .data          0x030071f8        0x0 crash.o
 .data          0x030071f8        0x0 disasm.o
 .data          0x030071f8        0x0 interrupt.o
 .data          0x030071f8        0x0 loadcart.o
 .data          0x030071f8        0x0 main.o
 .data          0x030071f8        0x0 mbclient.o
 .data          0x030071f8        0x0 minilzo.o
 .data          0x030071f8        0x0 new_speed_hack.o
 .data          0x030071f8        0x0 pocketnes_text.o
 .data          0x030071f8       0x25 ppu_vt.o
                0x0300721c                vt_palette_dirty
 .data          0x0300721d        0x0 rommenu.o
 .data          0x0300721d        0x0 savestate2.o
 .data          0x0300721d        0x0 spritecache.o
 .data          0x0300721d        0x0 sram.o
 .data          0x0300721d        0x0 ui.o
 .data          0x0300721d        0x0 vt_regs.o
 .data          0x0300721d        0x0 6502.o
 .data          0x0300721d        0x0 6502_vt.o
 .data          0x0300721d        0x0 apack.o
 .data          0x0300721d        0x0 bindata.o
 .data          0x0300721d        0x0 cart.o
 .data          0x0300721d        0x0 cf.o
 .data          0x0300721d        0x0 division.o
 .data          0x0300721d        0x0 interruptdispatcher.o
 .data          0x0300721d        0x0 io.o
 .data          0x0300721d        0x0 link.o
 .data          0x0300721d        0x0 memcopy.o
 .data          0x0300721d        0x0 memory.o
 .data          0x0300721d        0x0 mem.o
 .data          0x0300721d        0x0 ppu.o
 .data          0x0300721d        0x0 sound.o
 .data          0x0300721d        0x0 speedhack_asm.o
 .data          0x0300721d        0x0 timeout.o
 .data          0x0300721d        0x0 visoly.o
 .data          0x0300721d        0x0 konami.o
 .data          0x0300721d        0x0 map023771.o
 .data          0x0300721d        0x0 map105.o
 .data          0x0300721d        0x0 map113.o
 .data          0x0300721d        0x0 map1166.o
 .data          0x0300721d        0x0 map11.o
 .data          0x0300721d        0x0 map151.o
 .data          0x0300721d        0x0 map15.o
 .data          0x0300721d        0x0 map163.o
 .data          0x0300721d        0x0 map16.o
 .data          0x0300721d        0x0 map17.o
 .data          0x0300721d        0x0 map184.o
 .data          0x0300721d        0x0 map18.o
 .data          0x0300721d        0x0 map19.o
 .data          0x0300721d        0x0 map1.o
 .data          0x0300721d        0x0 map2125.o
 .data          0x0300721d        0x0 map225.o
 .data          0x0300721d        0x0 map228.o
 .data          0x0300721d        0x0 map22.o
 .data          0x0300721d        0x0 map232.o
 .data          0x0300721d        0x0 map23.o
 .data          0x0300721d        0x0 map2426.o
 .data          0x0300721d        0x0 map28.o
 .data          0x0300721d        0x0 map30.o
 .data          0x0300721d        0x0 map32.o
 .data          0x0300721d        0x0 map33.o
 .data          0x0300721d        0x0 map34.o
 .data          0x0300721d        0x0 map38.o
 .data          0x0300721d        0x0 map40.o
 .data          0x0300721d        0x0 map41.o
 .data          0x0300721d        0x0 map42.o
 .data          0x0300721d        0x0 map4.o
 .data          0x0300721d        0x0 map5.o
 .data          0x0300721d        0x0 map64.o
 .data          0x0300721d        0x0 map65.o
 .data          0x0300721d        0x0 map67.o
 .data          0x0300721d        0x0 map68.o
 .data          0x0300721d        0x0 map69.o
 .data          0x0300721d        0x0 map70152.o
 .data          0x0300721d        0x0 map71.o
 .data          0x0300721d        0x0 map72.o
 .data          0x0300721d        0x0 map73.o
 .data          0x0300721d        0x0 map75.o
 .data          0x0300721d        0x0 map76.o
 .data          0x0300721d        0x0 map77.o
 .data          0x0300721d        0x0 map78.o
 .data          0x0300721d        0x0 map79.o
 .data          0x0300721d        0x0 map80.o
 .data          0x0300721d        0x0 map82.o
 .data          0x0300721d        0x0 map85.o
 .data          0x0300721d        0x0 map86.o
 .data          0x0300721d        0x0 map87.o
 .data          0x0300721d        0x0 map88.o
 .data          0x0300721d        0x0 map89.o
 .data          0x0300721d        0x0 map92.o
 .data          0x0300721d        0x0 map93.o
 .data          0x0300721d        0x0 map94.o
 .data          0x0300721d        0x0 map97.o
 .data          0x0300721d        0x0 map99.o
 .data          0x0300721d        0x0 map9.o
 .data          0x0300721d        0x0 mapVT.o
 .data          0x0300721d        0x0 gba_crt0_my.o
 .data          0x0300721d        0x0 /opt/devkitpro/libgba/lib/libgba.a(Compression.o)
 .data          0x0300721d        0x0 /opt/devkitpro/libgba/lib/libgba.a(interrupt.o)
 .data          0x0300721d        0x0 /opt/devkitpro/devkitARM/lib/gcc/arm-none-eabi/15.2.0/thumb/libgcc.a(_thumb1_case_sqi.o)
 .data          0x0300721d        0x0 /opt/devkitpro/devkitARM/lib/gcc/arm-none-eabi/15.2.0/thumb/libgcc.a(_thumb1_case_uqi.o)
 .data          0x0300721d        0x0 /opt/devkitpro/devkitARM/lib/gcc/arm-none-eabi/15.2.0/thumb/libgcc.a(_thumb1_case_shi.o)
 .data          0x0300721d        0x0 /opt/devkitpro/devkitARM/lib/gcc/arm-none-eabi/15.2.0/thumb/libgcc.a(_udivsi3.o)
 .data          0x0300721d        0x0 /opt/devkitpro/devkitARM/lib/gcc/arm-none-eabi/15.2.0/thumb/libgcc.a(_divsi3.o)
 .data          0x0300721d        0x0 /opt/devkitpro/devkitARM/lib/gcc/arm-none-eabi/15.2.0/thumb/libgcc.a(_dvmd_tls.o)
 .data          0x0300721d        0x0 /opt/devkitpro/devkitARM/lib/gcc/arm-none-eabi/15.2.0/thumb/libgcc.a(_aeabi_uldivmod.o)
 .data          0x0300721d        0x0 /opt/devkitpro/devkitARM/lib/gcc/arm-none-eabi/15.2.0/thumb/libgcc.a(_udivmoddi4.o)
 .data          0x0300721d        0x0 /opt/devkitpro/devkitARM/lib/gcc/arm-none-eabi/15.2.0/thumb/libgcc.a(_clzdi2.o)
 .data          0x0300721d        0x0 /opt/devkitpro/devkitARM/lib/gcc/arm-none-eabi/15.2.0/thumb/libgcc.a(_clzsi2.o)
 .data          0x0300721d        0x0 /opt/devkitpro/devkitARM/lib/gcc/arm-none-eabi/15.2.0/../../../../arm-none-eabi/lib/thumb/libg.a(libc_a-strcat.o)
 .data          0x0300721d        0x0 /opt/devkitpro/devkitARM/lib/gcc/arm-none-eabi/15.2.0/../../../../arm-none-eabi/lib/thumb/libg.a(libc_a-memcpy-stub.o)
 .data          0x0300721d        0x0 /opt/devkitpro/devkitARM/lib/gcc/arm-none-eabi/15.2.0/../../../../arm-none-eabi/lib/thumb/libg.a(libc_a-strlen.o)
 .data          0x0300721d        0x0 /opt/devkitpro/devkitARM/lib/gcc/arm-none-eabi/15.2.0/../../../../arm-none-eabi/lib/thumb/libg.a(libc_a-memcmp.o)
 .data          0x0300721d        0x0 /opt/devkitpro/devkitARM/lib/gcc/arm-none-eabi/15.2.0/../../../../arm-none-eabi/lib/thumb/libg.a(libc_a-strcpy.o)
 .data          0x0300721d        0x0 /opt/devkitpro/devkitARM/lib/gcc/arm-none-eabi/15.2.0/../../../../arm-none-eabi/lib/thumb/libg.a(libc_a-memset.o)
 .data          0x0300721d        0x0 /opt/devkitpro/devkitARM/lib/gcc/arm-none-eabi/15.2.0/../../../../arm-none-eabi/lib/thumb/libg.a(libc_a-init.o)
 .data          0x0300721d        0x0 /opt/devkitpro/devkitARM/lib/gcc/arm-none-eabi/15.2.0/../../../../arm-none-eabi/lib/thumb/libg.a(libc_a-memchr-stub.o)
 .data          0x0300721d        0x0 /opt/devkitpro/devkitARM/lib/gcc/arm-none-eabi/15.2.0/../../../../arm-none-eabi/lib/thumb/libg.a(libc_a-memmove.o)
 *(SORT_BY_NAME(.data.*))
 *fill*         0x0300721d        0x3 ff
 .data.099      0x03007220        0x4 ppu.o
                0x03007220                _vramaddr
 .data.100      0x03007224      0x498 6502.o
                0x03007238                _writemem_6
                0x03007244                _writemem_tbl
                0x03007248                _memmap_tbl
                0x03007254                _memmap_6
                0x03007258                rommap
                0x03007268                _readmem_tbl_base
                0x0300727c                _readmem_6
                0x03007288                _readmem_tbl
                0x0300728c                op_table
                0x0300728c                GLOBAL_PTR_BASE
                0x0300768c                cpustate
                0x030076a0                _cpu_cycles
                0x030076a4                _m6502_pc
                0x030076a8                _m6502_s
                0x030076ac                _wantirq
                0x030076b0                frametotal
                0x030076b4                _lastbank
 .data.101      0x030076bc       0x70 ppu.o
                0x030076bc                FPSValue
                0x030076c0                AGBinput
                0x030076c4                EMUinput
                0x030076c8                ppustate
                0x030076c8                _vramaddr_dummy
                0x030076d0                _scrollX
                0x030076e2                ppustat_savestate
                0x030076e4                _ppuctrl0
                0x030076e5                _ppuctrl0frame
                0x030076e8                _nextx
                0x03007701                _PAL60
                0x03007702                novblankwait
                0x03007703                wtop
                0x03007706                _has_vram
                0x03007707                _bankable_vrom
                0x03007708                _vram_page_mask
                0x03007709                _vram_page_base
                0x0300770c                _recent_tiles
                0x03007710                _dmarecent_tiles
                0x03007714                _recent_tilenum
                0x03007718                _dmarecent_tilenum
                0x03007728                _bg_cache_full
 .data.102      0x0300772c       0xa4 cart.o
                0x0300772c                mapperstate
                0x0300774f                _bank6
                0x03007750                _bank8
                0x03007754                _nes_chr_map
                0x03007754                _Cbank0
                0x03007790                _rombase
                0x03007790                romstart
                0x03007794                romnum
                0x03007798                _emuflags
                0x03007799                _scaling
                0x0300779c                _BGmirror
                0x030077a0                _rommask
                0x030077a4                _vrombase
                0x030077a8                _vrommask
                0x030077ac                _instant_prg_banks
                0x030077b0                _instant_chr_banks
                0x030077b4                _cartflags
                0x030077b5                _hackflags
                0x030077b6                _hackflags2
                0x030077b7                _mapper_number
                0x030077b8                _rompages
                0x030077b9                _vrompages
                0x030077ba                _fourscreen
                0x030077c4                _twitch
                0x030077c5                _flicker
 .data.103      0x030077d0       0x8c sound.o
                0x030077d0                sound_state
                0x030077e4                _frame_mode
                0x030077ec                _channel_enables
                0x030077fc                _sq1_period
                0x03007808                _pcmctrl
                0x03007818                _pcmstart
                0x0300781c                _pcmcurrentaddr
                0x0300783c                _dmc_last_timestamp
                0x03007840                _dmc_tick_counter
                0x03007844                _dmc_period
                0x03007848                _dmc_period_reciprocal
                0x0300784c                _dmc_length_counter
                0x03007850                _dmc_remaining_bits
 .data.104      0x0300785c       0x2c io.o
                0x03007874                _joycfg
 .data.105      0x03007888      0x110 ppu.o
                0x0300788a                _frameready
                0x0300788b                _firstframeready
                0x0300788c                _vram_write_tbl
                0x030078cc                _vram_map
                0x0300790c                _nes_palette
                0x0300792c                _scrollbuff
                0x03007930                _dmascrollbuff
                0x03007934                _nesoambuff
                0x03007938                _dmanesoambuff
                0x0300793c                _bg0cntbuff
                0x03007940                _dmabg0cntbuff
                0x03007944                _dispcntbuff
                0x03007948                _dmadispcntbuff
                0x0300794c                _dma0buff
                0x03007950                _dma1buff
                0x03007954                _dma3buff
                0x03007958                _nes_vram
                0x03007968                _dmabankbuffer
                0x03007985                _okay_to_run_hdma
 .data.106      0x03007998      0x118 timeout.o
                0x03007998                TimeoutState
                0x03007998                _cycles_to_run
                0x0300799c                _timestamp
                0x03007a00                _mapper_timeout
                0x03007a0c                _mapper_irq_timeout
                0x03007a18                _dmc_timeout
                0x03007aac                dontstop
                0x03007aae                _crash_disabled
 .data.107      0x03007ab0       0x14 speedhack_asm.o
                0x03007ab8                _sh_encrypted
                0x03007ac0                _deadbeef
 *(.gnu.linkonce.d*)
                0x03007ac4                        . = ALIGN (0x4)
                0x08018c30                        __preinit_lma = (__data_lma + SIZEOF (.data))

.igot.plt       0x03007ac4        0x0 load address 0x08018c30
 .igot.plt      0x03007ac4        0x0 cache.o

.preinit_array  0x03007ac4        0x0 load address 0x08018c30
                0x03007ac4                        __preinit_array_start = ABSOLUTE (.)
 *(.preinit_array)
                0x03007ac4                        __preinit_array_end = ABSOLUTE (.)
                0x08018c30                        __init_lma = (__preinit_lma + SIZEOF (.preinit_array))

.init_array     0x03007ac4        0x0 load address 0x08018c30
                0x03007ac4                        __init_array_start = ABSOLUTE (.)
 *(SORT_BY_NAME(.init_array.*))
 *(.init_array)
                0x03007ac4                        __init_array_end = ABSOLUTE (.)
                0x08018c30                        __fini_lma = (__init_lma + SIZEOF (.init_array))

.fini_array     0x03007ac4        0x0 load address 0x08018c30
                0x03007ac4                        __fini_array_start = ABSOLUTE (.)
 *(SORT_BY_NAME(.fini_array.*))
 *(.fini_array)
                0x03007ac4                        __fini_array_end = ABSOLUTE (.)
                0x08018c30                        __jcr_lma = (__fini_lma + SIZEOF (.fini_array))

.jcr
 *(.jcr)
                0x03007ac4                        __data_end__ = ABSOLUTE (.)

.bss            0x03007ac4       0xcc
                0x03007ac4                        __bss_start = ABSOLUTE (.)
                0x03007ac4                        __bss_start__ = ABSOLUTE (.)
 *(.dynbss)
 *(.gnu.linkonce.b*)
 *(.bss)
 .bss           0x03007ac4        0x0 cache.o
 .bss           0x03007ac4        0x0 cheat.o
 .bss           0x03007ac4        0x0 crash.o
 .bss           0x03007ac4        0x0 disasm.o
 .bss           0x03007ac4        0x0 interrupt.o
 .bss           0x03007ac4        0x4 loadcart.o
 .bss           0x03007ac8        0x0 main.o
 .bss           0x03007ac8        0x0 mbclient.o
 .bss           0x03007ac8       0x10 minilzo.o
                0x03007ad4                __lzo_init_done
 .bss           0x03007ad8        0x0 new_speed_hack.o
 .bss           0x03007ad8        0x0 pocketnes_text.o
 .bss           0x03007ad8        0x2 ppu_vt.o
 *fill*         0x03007ada        0x2 
 .bss           0x03007adc        0x8 rommenu.o
 .bss           0x03007ae4        0x0 savestate2.o
 .bss           0x03007ae4        0x8 spritecache.o
                0x03007ae4                sprite_cache_cursor
                0x03007ae8                sprite_cache_size
 .bss           0x03007aec        0x0 sram.o
 .bss           0x03007aec       0x15 ui.o
 .bss           0x03007b01        0x4 vt_regs.o
                0x03007b01                vt_prg_dirty
                0x03007b04                vt_dma_settings
 .bss           0x03007b05        0x0 6502.o
 .bss           0x03007b05        0x0 6502_vt.o
 .bss           0x03007b05        0x0 apack.o
 .bss           0x03007b05        0x0 bindata.o
 .bss           0x03007b05        0x0 cart.o
 .bss           0x03007b05        0x0 cf.o
 .bss           0x03007b05        0x0 division.o
 .bss           0x03007b05        0x0 interruptdispatcher.o
 .bss           0x03007b05        0x0 io.o
 .bss           0x03007b05        0x0 link.o
 .bss           0x03007b05        0x0 memcopy.o
 .bss           0x03007b05        0x0 memory.o
 .bss           0x03007b05        0x0 mem.o
 .bss           0x03007b05        0x0 ppu.o
 .bss           0x03007b05        0x0 sound.o
 .bss           0x03007b05        0x0 speedhack_asm.o
 .bss           0x03007b05        0x0 timeout.o
 .bss           0x03007b05        0x0 visoly.o
 .bss           0x03007b05        0x0 konami.o
 .bss           0x03007b05        0x0 map023771.o
 .bss           0x03007b05        0x0 map105.o
 .bss           0x03007b05        0x0 map113.o
 .bss           0x03007b05        0x0 map1166.o
 .bss           0x03007b05        0x0 map11.o
 .bss           0x03007b05        0x0 map151.o
 .bss           0x03007b05        0x0 map15.o
 .bss           0x03007b05        0x0 map163.o
 .bss           0x03007b05        0x0 map16.o
 .bss           0x03007b05        0x0 map17.o
 .bss           0x03007b05        0x0 map184.o
 .bss           0x03007b05        0x0 map18.o
 .bss           0x03007b05        0x0 map19.o
 .bss           0x03007b05        0x0 map1.o
 .bss           0x03007b05        0x0 map2125.o
 .bss           0x03007b05        0x0 map225.o
 .bss           0x03007b05        0x0 map228.o
 .bss           0x03007b05        0x0 map22.o
 .bss           0x03007b05        0x0 map232.o
 .bss           0x03007b05        0x0 map23.o
 .bss           0x03007b05        0x0 map2426.o
 .bss           0x03007b05        0x0 map28.o
 .bss           0x03007b05        0x0 map30.o
 .bss           0x03007b05        0x0 map32.o
 .bss           0x03007b05        0x0 map33.o
 .bss           0x03007b05        0x0 map34.o
 .bss           0x03007b05        0x0 map38.o
 .bss           0x03007b05        0x0 map40.o
 .bss           0x03007b05        0x0 map41.o
 .bss           0x03007b05        0x0 map42.o
 .bss           0x03007b05        0x0 map4.o
 .bss           0x03007b05        0x0 map5.o
 .bss           0x03007b05        0x0 map64.o
 .bss           0x03007b05        0x0 map65.o
 .bss           0x03007b05        0x0 map67.o
 .bss           0x03007b05        0x0 map68.o
 .bss           0x03007b05        0x0 map69.o
 .bss           0x03007b05        0x0 map70152.o
 .bss           0x03007b05        0x0 map71.o
 .bss           0x03007b05        0x0 map72.o
 .bss           0x03007b05        0x0 map73.o
 .bss           0x03007b05        0x0 map75.o
 .bss           0x03007b05        0x0 map76.o
 .bss           0x03007b05        0x0 map77.o
 .bss           0x03007b05        0x0 map78.o
 .bss           0x03007b05        0x0 map79.o
 .bss           0x03007b05        0x0 map80.o
 .bss           0x03007b05        0x0 map82.o
 .bss           0x03007b05        0x0 map85.o
 .bss           0x03007b05        0x0 map86.o
 .bss           0x03007b05        0x0 map87.o
 .bss           0x03007b05        0x0 map88.o
 .bss           0x03007b05        0x0 map89.o
 .bss           0x03007b05        0x0 map92.o
 .bss           0x03007b05        0x0 map93.o
 .bss           0x03007b05        0x0 map94.o
 .bss           0x03007b05        0x0 map97.o
 .bss           0x03007b05        0x0 map99.o
 .bss           0x03007b05        0x0 map9.o
 .bss           0x03007b05        0x0 mapVT.o
 .bss           0x03007b05        0x0 gba_crt0_my.o
 .bss           0x03007b05        0x0 /opt/devkitpro/libgba/lib/libgba.a(Compression.o)
 *fill*         0x03007b05        0x3 
 .bss           0x03007b08       0x78 /opt/devkitpro/libgba/lib/libgba.a(interrupt.o)
                0x03007b08                IntrTable
 .bss           0x03007b80        0x0 /opt/devkitpro/devkitARM/lib/gcc/arm-none-eabi/15.2.0/thumb/libgcc.a(_thumb1_case_sqi.o)
 .bss           0x03007b80        0x0 /opt/devkitpro/devkitARM/lib/gcc/arm-none-eabi/15.2.0/thumb/libgcc.a(_thumb1_case_uqi.o)
 .bss           0x03007b80        0x0 /opt/devkitpro/devkitARM/lib/gcc/arm-none-eabi/15.2.0/thumb/libgcc.a(_thumb1_case_shi.o)
 .bss           0x03007b80        0x0 /opt/devkitpro/devkitARM/lib/gcc/arm-none-eabi/15.2.0/thumb/libgcc.a(_udivsi3.o)
 .bss           0x03007b80        0x0 /opt/devkitpro/devkitARM/lib/gcc/arm-none-eabi/15.2.0/thumb/libgcc.a(_divsi3.o)
 .bss           0x03007b80        0x0 /opt/devkitpro/devkitARM/lib/gcc/arm-none-eabi/15.2.0/thumb/libgcc.a(_dvmd_tls.o)
 .bss           0x03007b80        0x0 /opt/devkitpro/devkitARM/lib/gcc/arm-none-eabi/15.2.0/thumb/libgcc.a(_aeabi_uldivmod.o)
 .bss           0x03007b80        0x0 /opt/devkitpro/devkitARM/lib/gcc/arm-none-eabi/15.2.0/thumb/libgcc.a(_udivmoddi4.o)
 .bss           0x03007b80        0x0 /opt/devkitpro/devkitARM/lib/gcc/arm-none-eabi/15.2.0/thumb/libgcc.a(_clzdi2.o)
 .bss           0x03007b80        0x0 /opt/devkitpro/devkitARM/lib/gcc/arm-none-eabi/15.2.0/thumb/libgcc.a(_clzsi2.o)
 .bss           0x03007b80        0x0 /opt/devkitpro/devkitARM/lib/gcc/arm-none-eabi/15.2.0/../../../../arm-none-eabi/lib/thumb/libg.a(libc_a-strcat.o)
 .bss           0x03007b80        0x0 /opt/devkitpro/devkitARM/lib/gcc/arm-none-eabi/15.2.0/../../../../arm-none-eabi/lib/thumb/libg.a(libc_a-memcpy-stub.o)
 .bss           0x03007b80        0x0 /opt/devkitpro/devkitARM/lib/gcc/arm-none-eabi/15.2.0/../../../../arm-none-eabi/lib/thumb/libg.a(libc_a-strlen.o)
 .bss           0x03007b80        0x0 /opt/devkitpro/devkitARM/lib/gcc/arm-none-eabi/15.2.0/../../../../arm-none-eabi/lib/thumb/libg.a(libc_a-memcmp.o)
 .bss           0x03007b80        0x0 /opt/devkitpro/devkitARM/lib/gcc/arm-none-eabi/15.2.0/../../../../arm-none-eabi/lib/thumb/libg.a(libc_a-strcpy.o)
 .bss           0x03007b80        0x0 /opt/devkitpro/devkitARM/lib/gcc/arm-none-eabi/15.2.0/../../../../arm-none-eabi/lib/thumb/libg.a(libc_a-memset.o)
 .bss           0x03007b80        0x0 /opt/devkitpro/devkitARM/lib/gcc/arm-none-eabi/15.2.0/../../../../arm-none-eabi/lib/thumb/libg.a(libc_a-init.o)
 .bss           0x03007b80        0x0 /opt/devkitpro/devkitARM/lib/gcc/arm-none-eabi/15.2.0/../../../../arm-none-eabi/lib/thumb/libg.a(libc_a-memchr-stub.o)
 .bss           0x03007b80        0x0 /opt/devkitpro/devkitARM/lib/gcc/arm-none-eabi/15.2.0/../../../../arm-none-eabi/lib/thumb/libg.a(libc_a-memmove.o)
 *(COMMON)
 COMMON         0x03007b80        0x0 interrupt.o
 COMMON         0x03007b80        0x4 vt_regs.o
                0x03007b80                vt_prg_banks
 *(SORT_BY_NAME(.bss.*))
 .bss.end       0x03007b84        0xc mem.o
                0x03007b84                IWRAM_CANARY_0
                0x03007b88                IWRAM_CANARY_1
                0x03007b8c                IWRAM_CANARY_2
 *(.bss*)
                0x03007b90                        . = ALIGN (0x4)
                0x03007b90                        __bss_end__ = ABSOLUTE (.)
                0x08018c30                        __iwram_overlay_lma = (__jcr_lma + SIZEOF (.jcr))
                0x03007b90                        __iwram_overlay_start = .

.iwram0         0x03007b90        0x0 load address 0x08018c30
 *(.iwram0)
                0x03007b90                        . = ALIGN (0x4)
                0x08018c30                        PROVIDE (__load_start_iwram0 = LOADADDR (.iwram0))
                0x08018c30                        PROVIDE (__load_stop_iwram0 = (LOADADDR (.iwram0) + SIZEOF (.iwram0)))

.iwram1         0x03007b90        0x0
 *(.iwram1)
                0x03007b90                        . = ALIGN (0x4)
[...]
 .debug_frame   0x00000490       0xd0 interrupt.o
 .debug_frame   0x00000560       0xd8 loadcart.o
 .debug_frame   0x00000638       0x94 main.o
 .debug_frame   0x000006cc      0x1cc minilzo.o
 .debug_frame   0x00000898       0x94 new_speed_hack.o
 .debug_frame   0x0000092c      0x154 pocketnes_text.o
 .debug_frame   0x00000a80      0x4d8 ppu_vt.o
 .debug_frame   0x00000f58       0xb0 rommenu.o
 .debug_frame   0x00001008      0x1dc savestate2.o
 .debug_frame   0x000011e4       0x64 spritecache.o
 .debug_frame   0x00001248      0x410 sram.o
 .debug_frame   0x00001658      0x4e0 ui.o
 .debug_frame   0x00001b38      0x178 vt_regs.o
 .debug_frame   0x00001cb0       0xa0 /opt/devkitpro/libgba/lib/libgba.a(Compression.o)
 .debug_frame   0x00001d50       0xb0 /opt/devkitpro/libgba/lib/libgba.a(interrupt.o)
 .debug_frame   0x00001e00       0x20 /opt/devkitpro/devkitARM/lib/gcc/arm-none-eabi/15.2.0/thumb/libgcc.a(_udivsi3.o)
 .debug_frame   0x00001e20       0x20 /opt/devkitpro/devkitARM/lib/gcc/arm-none-eabi/15.2.0/thumb/libgcc.a(_divsi3.o)
 .debug_frame   0x00001e40       0x2c /opt/devkitpro/devkitARM/lib/gcc/arm-none-eabi/15.2.0/thumb/libgcc.a(_aeabi_uldivmod.o)
 .debug_frame   0x00001e6c       0x3c /opt/devkitpro/devkitARM/lib/gcc/arm-none-eabi/15.2.0/thumb/libgcc.a(_udivmoddi4.o)

.debug_str      0x00000000     0x3e16
 *(.debug_str)
 .debug_str     0x00000000     0x3e16 cache.o
                                0x420 (size before relaxing)
 .debug_str     0x00003e16        0x0 cheat.o
                                0x553 (size before relaxing)
 .debug_str     0x00003e16        0x0 crash.o
                                0x255 (size before relaxing)
 .debug_str     0x00003e16        0x0 disasm.o
                                0x14f (size before relaxing)
 .debug_str     0x00003e16        0x0 interrupt.o
                                0x2f7 (size before relaxing)
 .debug_str     0x00003e16        0x0 loadcart.o
                                0x9e7 (size before relaxing)
 .debug_str     0x00003e16        0x0 main.o
                                0x601 (size before relaxing)
 .debug_str     0x00003e16        0x0 mbclient.o
                                0x151 (size before relaxing)
 .debug_str     0x00003e16        0x0 minilzo.o
                                0x577 (size before relaxing)
 .debug_str     0x00003e16        0x0 new_speed_hack.o
                                0x5e2 (size before relaxing)
 .debug_str     0x00003e16        0x0 pocketnes_text.o
                                0x37a (size before relaxing)
 .debug_str     0x00003e16        0x0 ppu_vt.o
                                0x9d6 (size before relaxing)
 .debug_str     0x00003e16        0x0 rommenu.o
                                0x3be (size before relaxing)
 .debug_str     0x00003e16        0x0 savestate2.o
                                0x824 (size before relaxing)
 .debug_str     0x00003e16        0x0 spritecache.o
                                0x32b (size before relaxing)
 .debug_str     0x00003e16        0x0 sram.o
                                0x7bc (size before relaxing)
 .debug_str     0x00003e16        0x0 ui.o
                                0x851 (size before relaxing)
 .debug_str     0x00003e16        0x0 vt_regs.o
                                0x70f (size before relaxing)
 .debug_str     0x00003e16        0x0 /opt/devkitpro/libgba/lib/libgba.a(Compression.o)
                                0x27c (size before relaxing)
 .debug_str     0x00003e16        0x0 /opt/devkitpro/libgba/lib/libgba.a(interrupt.o)
                                0x334 (size before relaxing)
 .debug_str     0x00003e16        0x0 /opt/devkitpro/devkitARM/lib/gcc/arm-none-eabi/15.2.0/thumb/libgcc.a(_thumb1_case_sqi.o)
                                 0xf1 (size before relaxing)
 .debug_str     0x00003e16        0x0 /opt/devkitpro/devkitARM/lib/gcc/arm-none-eabi/15.2.0/thumb/libgcc.a(_thumb1_case_uqi.o)
                                 0xf1 (size before relaxing)
 .debug_str     0x00003e16        0x0 /opt/devkitpro/devkitARM/lib/gcc/arm-none-eabi/15.2.0/thumb/libgcc.a(_thumb1_case_shi.o)
                                 0xf1 (size before relaxing)
 .debug_str     0x00003e16        0x0 /opt/devkitpro/devkitARM/lib/gcc/arm-none-eabi/15.2.0/thumb/libgcc.a(_udivsi3.o)
                                 0xf6 (size before relaxing)
 .debug_str     0x00003e16        0x0 /opt/devkitpro/devkitARM/lib/gcc/arm-none-eabi/15.2.0/thumb/libgcc.a(_divsi3.o)
                                 0xf4 (size before relaxing)
 .debug_str     0x00003e16        0x0 /opt/devkitpro/devkitARM/lib/gcc/arm-none-eabi/15.2.0/thumb/libgcc.a(_dvmd_tls.o)
                                 0xf7 (size before relaxing)
 .debug_str     0x00003e16        0x0 /opt/devkitpro/devkitARM/lib/gcc/arm-none-eabi/15.2.0/thumb/libgcc.a(_aeabi_uldivmod.o)
                                 0xd7 (size before relaxing)
 .debug_str     0x00003e16        0x0 /opt/devkitpro/devkitARM/lib/gcc/arm-none-eabi/15.2.0/thumb/libgcc.a(_udivmoddi4.o)
                                0x6a5 (size before relaxing)
 .debug_str     0x00003e16        0x0 /opt/devkitpro/devkitARM/lib/gcc/arm-none-eabi/15.2.0/thumb/libgcc.a(_clzdi2.o)
                                 0xe4 (size before relaxing)
 .debug_str     0x00003e16        0x0 /opt/devkitpro/devkitARM/lib/gcc/arm-none-eabi/15.2.0/thumb/libgcc.a(_clzsi2.o)
                                 0xe4 (size before relaxing)

.debug_loc
 *(.debug_loc)

.debug_macinfo
 *(.debug_macinfo)

.debug_weaknames
 *(.debug_weaknames)

.debug_funcnames
 *(.debug_funcnames)

.debug_typenames
 *(.debug_typenames)

.debug_varnames
 *(.debug_varnames)

.stack          0x00080000        0x0
                0x00080000                        _stack = .
 *(.stack)

.note.gnu.arm.ident
 *(.note.gnu.arm.ident)

.ARM.attributes
                0x00000000       0x28
 *(.ARM.attributes)
 .ARM.attributes
                0x00000000       0x26 cache.o
 .ARM.attributes
                0x00000026       0x26 cheat.o
 .ARM.attributes
                0x0000004c       0x26 crash.o
 .ARM.attributes
                0x00000072       0x26 disasm.o
 .ARM.attributes
                0x00000098       0x26 interrupt.o
 .ARM.attributes
                0x000000be       0x26 loadcart.o
 .ARM.attributes
                0x000000e4       0x26 main.o
 .ARM.attributes
                0x0000010a       0x26 mbclient.o
 .ARM.attributes
                0x00000130       0x26 minilzo.o
 .ARM.attributes
                0x00000156       0x26 new_speed_hack.o
 .ARM.attributes
                0x0000017c       0x26 pocketnes_text.o
 .ARM.attributes
                0x000001a2       0x26 ppu_vt.o
 .ARM.attributes
                0x000001c8       0x26 rommenu.o
 .ARM.attributes
                0x000001ee       0x26 savestate2.o
 .ARM.attributes
                0x00000214       0x26 spritecache.o
 .ARM.attributes
                0x0000023a       0x26 sram.o
 .ARM.attributes
                0x00000260       0x26 ui.o
 .ARM.attributes
                0x00000286       0x26 vt_regs.o
 .ARM.attributes
                0x000002ac       0x1a 6502.o
 .ARM.attributes
                0x000002c6       0x1a 6502_vt.o
 .ARM.attributes
                0x000002e0       0x1a apack.o
 .ARM.attributes
                0x000002fa       0x1a bindata.o
 .ARM.attributes
                0x00000314       0x1a cart.o
 .ARM.attributes
                0x0000032e       0x1a cf.o
 .ARM.attributes
                0x00000348       0x1a division.o
 .ARM.attributes
                0x00000362       0x1a interruptdispatcher.o
 .ARM.attributes
                0x0000037c       0x1a io.o
 .ARM.attributes
                0x00000396       0x1a link.o
 .ARM.attributes
                0x000003b0       0x1a memcopy.o
 .ARM.attributes
                0x000003ca       0x1a memory.o
 .ARM.attributes
                0x000003e4       0x1a mem.o
 .ARM.attributes
                0x000003fe       0x1a ppu.o
 .ARM.attributes
                0x00000418       0x1a sound.o
 .ARM.attributes
                0x00000432       0x1a speedhack_asm.o
 .ARM.attributes
                0x0000044c       0x1a timeout.o
 .ARM.attributes
                0x00000466       0x1a visoly.o
 .ARM.attributes
                0x00000480       0x1a konami.o
 .ARM.attributes
                0x0000049a       0x1a map023771.o
 .ARM.attributes
                0x000004b4       0x1a map105.o
 .ARM.attributes
                0x000004ce       0x1a map113.o
 .ARM.attributes
                0x000004e8       0x1a map1166.o
 .ARM.attributes
                0x00000502       0x1a map11.o
 .ARM.attributes
                0x0000051c       0x1a map151.o
 .ARM.attributes
                0x00000536       0x1a map15.o
 .ARM.attributes
                0x00000550       0x1a map163.o
 .ARM.attributes
                0x0000056a       0x1a map16.o
 .ARM.attributes
                0x00000584       0x1a map17.o
 .ARM.attributes
                0x0000059e       0x1a map184.o
 .ARM.attributes
                0x000005b8       0x1a map18.o
 .ARM.attributes
                0x000005d2       0x1a map19.o
 .ARM.attributes
                0x000005ec       0x1a map1.o
 .ARM.attributes
                0x00000606       0x1a map2125.o
 .ARM.attributes
                0x00000620       0x1a map225.o
 .ARM.attributes
                0x0000063a       0x1a map228.o
 .ARM.attributes
                0x00000654       0x1a map22.o
 .ARM.attributes
                0x0000066e       0x1a map232.o
 .ARM.attributes
                0x00000688       0x1a map23.o
 .ARM.attributes
                0x000006a2       0x1a map2426.o
 .ARM.attributes
                0x000006bc       0x1a map28.o
 .ARM.attributes
                0x000006d6       0x1a map30.o
 .ARM.attributes
                0x000006f0       0x1a map32.o
 .ARM.attributes
                0x0000070a       0x1a map33.o
 .ARM.attributes
                0x00000724       0x1a map34.o
 .ARM.attributes
                0x0000073e       0x1a map38.o
 .ARM.attributes
                0x00000758       0x1a map40.o
 .ARM.attributes
                0x00000772       0x1a map41.o
 .ARM.attributes
                0x0000078c       0x1a map42.o
 .ARM.attributes
                0x000007a6       0x1a map4.o
 .ARM.attributes
                0x000007c0       0x1a map5.o
 .ARM.attributes
                0x000007da       0x1a map64.o
 .ARM.attributes
                0x000007f4       0x1a map65.o
 .ARM.attributes
                0x0000080e       0x1a map67.o
 .ARM.attributes
                0x00000828       0x1a map68.o
 .ARM.attributes
                0x00000842       0x1a map69.o
 .ARM.attributes
                0x0000085c       0x1a map70152.o
 .ARM.attributes
                0x00000876       0x1a map71.o
 .ARM.attributes
                0x00000890       0x1a map72.o
 .ARM.attributes
                0x000008aa       0x1a map73.o
 .ARM.attributes
                0x000008c4       0x1a map75.o
 .ARM.attributes
                0x000008de       0x1a map76.o
 .ARM.attributes
                0x000008f8       0x1a map77.o
 .ARM.attributes
                0x00000912       0x1a map78.o
 .ARM.attributes
                0x0000092c       0x1a map79.o
 .ARM.attributes
                0x00000946       0x1a map80.o
 .ARM.attributes
                0x00000960       0x1a map82.o
 .ARM.attributes
                0x0000097a       0x1a map85.o
 .ARM.attributes
                0x00000994       0x1a map86.o
 .ARM.attributes
                0x000009ae       0x1a map87.o
 .ARM.attributes
                0x000009c8       0x1a map88.o
 .ARM.attributes
                0x000009e2       0x1a map89.o
 .ARM.attributes
                0x000009fc       0x1a map92.o
 .ARM.attributes
                0x00000a16       0x1a map93.o
 .ARM.attributes
                0x00000a30       0x1a map94.o
 .ARM.attributes
                0x00000a4a       0x1a map97.o
 .ARM.attributes
                0x00000a64       0x1a map99.o
 .ARM.attributes
                0x00000a7e       0x1a map9.o
 .ARM.attributes
                0x00000a98       0x1a mapVT.o
 .ARM.attributes
                0x00000ab2       0x1a gba_crt0_my.o
 .ARM.attributes
                0x00000acc       0x2a /opt/devkitpro/libgba/lib/libgba.a(Compression.o)
 .ARM.attributes
                0x00000af6       0x2a /opt/devkitpro/libgba/lib/libgba.a(interrupt.o)
 .ARM.attributes
                0x00000b20       0x1c /opt/devkitpro/devkitARM/lib/gcc/arm-none-eabi/15.2.0/thumb/libgcc.a(_thumb1_case_sqi.o)
 .ARM.attributes
                0x00000b3c       0x1c /opt/devkitpro/devkitARM/lib/gcc/arm-none-eabi/15.2.0/thumb/libgcc.a(_thumb1_case_uqi.o)
 .ARM.attributes
                0x00000b58       0x1c /opt/devkitpro/devkitARM/lib/gcc/arm-none-eabi/15.2.0/thumb/libgcc.a(_thumb1_case_shi.o)
 .ARM.attributes
                0x00000b74       0x1c /opt/devkitpro/devkitARM/lib/gcc/arm-none-eabi/15.2.0/thumb/libgcc.a(_udivsi3.o)
 .ARM.attributes
                0x00000b90       0x1c /opt/devkitpro/devkitARM/lib/gcc/arm-none-eabi/15.2.0/thumb/libgcc.a(_divsi3.o)
 .ARM.attributes
                0x00000bac       0x1c /opt/devkitpro/devkitARM/lib/gcc/arm-none-eabi/15.2.0/thumb/libgcc.a(_dvmd_tls.o)
 .ARM.attributes
                0x00000bc8       0x1c /opt/devkitpro/devkitARM/lib/gcc/arm-none-eabi/15.2.0/thumb/libgcc.a(_aeabi_uldivmod.o)
 .ARM.attributes
                0x00000be4       0x2a /opt/devkitpro/devkitARM/lib/gcc/arm-none-eabi/15.2.0/thumb/libgcc.a(_udivmoddi4.o)
 .ARM.attributes
                0x00000c0e       0x1c /opt/devkitpro/devkitARM/lib/gcc/arm-none-eabi/15.2.0/thumb/libgcc.a(_clzdi2.o)
 .ARM.attributes
                0x00000c2a       0x1c /opt/devkitpro/devkitARM/lib/gcc/arm-none-eabi/15.2.0/thumb/libgcc.a(_clzsi2.o)
 .ARM.attributes
                0x00000c46       0x2a /opt/devkitpro/devkitARM/lib/gcc/arm-none-eabi/15.2.0/../../../../arm-none-eabi/lib/thumb/libg.a(libc_a-strcat.o)
 .ARM.attributes
                0x00000c70       0x2a /opt/devkitpro/devkitARM/lib/gcc/arm-none-eabi/15.2.0/../../../../arm-none-eabi/lib/thumb/libg.a(libc_a-memcpy-stub.o)
 .ARM.attributes
                0x00000c9a       0x2a /opt/devkitpro/devkitARM/lib/gcc/arm-none-eabi/15.2.0/../../../../arm-none-eabi/lib/thumb/libg.a(libc_a-strlen.o)
 .ARM.attributes
                0x00000cc4       0x2a /opt/devkitpro/devkitARM/lib/gcc/arm-none-eabi/15.2.0/../../../../arm-none-eabi/lib/thumb/libg.a(libc_a-memcmp.o)
 .ARM.attributes
                0x00000cee       0x2a /opt/devkitpro/devkitARM/lib/gcc/arm-none-eabi/15.2.0/../../../../arm-none-eabi/lib/thumb/libg.a(libc_a-strcpy.o)
 .ARM.attributes
                0x00000d18       0x2a /opt/devkitpro/devkitARM/lib/gcc/arm-none-eabi/15.2.0/../../../../arm-none-eabi/lib/thumb/libg.a(libc_a-memset.o)
 .ARM.attributes
                0x00000d42       0x2a /opt/devkitpro/devkitARM/lib/gcc/arm-none-eabi/15.2.0/../../../../arm-none-eabi/lib/thumb/libg.a(libc_a-init.o)
 .ARM.attributes
                0x00000d6c       0x2a /opt/devkitpro/devkitARM/lib/gcc/arm-none-eabi/15.2.0/../../../../arm-none-eabi/lib/thumb/libg.a(libc_a-memchr-stub.o)
 .ARM.attributes
                0x00000d96       0x2a /opt/devkitpro/devkitARM/lib/gcc/arm-none-eabi/15.2.0/../../../../arm-none-eabi/lib/thumb/libg.a(libc_a-memmove.o)

/DISCARD/
 *(.note.GNU-stack)
OUTPUT(/src/pocketvt.elf elf32-littlearm)
LOAD linker stubs

.debug_loclists
                0x00000000     0xaf60
 .debug_loclists
                0x00000000      0x414 cache.o
 .debug_loclists
                0x00000414      0xace cheat.o
 .debug_loclists
                0x00000ee2      0x224 crash.o
 .debug_loclists
                0x00001106       0xe4 interrupt.o
 .debug_loclists
                0x000011ea      0xafb loadcart.o
 .debug_loclists
                0x00001ce5      0x279 main.o
 .debug_loclists
                0x00001f5e     0x1d0c minilzo.o
 .debug_loclists
                0x00003c6a      0xb99 new_speed_hack.o
 .debug_loclists
                0x00004803      0x4e2 pocketnes_text.o
 .debug_loclists
                0x00004ce5     0x2413 ppu_vt.o
 .debug_loclists
                0x000070f8      0x30e rommenu.o
 .debug_loclists
                0x00007406      0xab2 savestate2.o
 .debug_loclists
                0x00007eb8      0x4d6 spritecache.o
 .debug_loclists
                0x0000838e      0xdee sram.o
 .debug_loclists
                0x0000917c      0xd0d ui.o
 .debug_loclists
                0x00009e89      0x907 vt_regs.o
 .debug_loclists
                0x0000a790      0x233 /opt/devkitpro/libgba/lib/libgba.a(Compression.o)
 .debug_loclists
                0x0000a9c3      0x2f4 /opt/devkitpro/libgba/lib/libgba.a(interrupt.o)
 .debug_loclists
                0x0000acb7      0x2a9 /opt/devkitpro/devkitARM/lib/gcc/arm-none-eabi/15.2.0/thumb/libgcc.a(_udivmoddi4.o)

.debug_rnglists
                0x00000000      0x9d5
 .debug_rnglists
                0x00000000       0x17 cache.o
 .debug_rnglists
                0x00000017       0x3d cheat.o
 .debug_rnglists
                0x00000054       0x46 crash.o
 .debug_rnglists
                0x0000009a       0xed loadcart.o
 .debug_rnglists
                0x00000187       0x5a main.o
 .debug_rnglists
                0x000001e1       0x9e minilzo.o
 .debug_rnglists
                0x0000027f       0xd2 new_speed_hack.o
 .debug_rnglists
                0x00000351       0x39 pocketnes_text.o
 .debug_rnglists
                0x0000038a      0x3ee ppu_vt.o
 .debug_rnglists
                0x00000778       0x7e savestate2.o
 .debug_rnglists
                0x000007f6       0x3c spritecache.o
 .debug_rnglists
                0x00000832       0x4e sram.o
 .debug_rnglists
                0x00000880       0x21 ui.o
 .debug_rnglists
                0x000008a1       0xca vt_regs.o
 .debug_rnglists
                0x0000096b       0x13 /opt/devkitpro/libgba/lib/libgba.a(Compression.o)
 .debug_rnglists
                0x0000097e       0x43 /opt/devkitpro/libgba/lib/libgba.a(interrupt.o)
 .debug_rnglists
                0x000009c1       0x14 /opt/devkitpro/devkitARM/lib/gcc/arm-none-eabi/15.2.0/thumb/libgcc.a(_udivmoddi4.o)

.debug_line_str
                0x00000000       0xd5
 .debug_line_str
                0x00000000       0xd5 /opt/devkitpro/devkitARM/lib/gcc/arm-none-eabi/15.2.0/thumb/libgcc.a(_thumb1_case_sqi.o)
                                 0xcd (size before relaxing)
 .debug_line_str
                0x000000d5        0x0 /opt/devkitpro/devkitARM/lib/gcc/arm-none-eabi/15.2.0/thumb/libgcc.a(_thumb1_case_uqi.o)
                                 0xcd (size before relaxing)
 .debug_line_str
                0x000000d5        0x0 /opt/devkitpro/devkitARM/lib/gcc/arm-none-eabi/15.2.0/thumb/libgcc.a(_thumb1_case_shi.o)
                                 0xcd (size before relaxing)
 .debug_line_str
                0x000000d5        0x0 /opt/devkitpro/devkitARM/lib/gcc/arm-none-eabi/15.2.0/thumb/libgcc.a(_udivsi3.o)
                                 0xcd (size before relaxing)
 .debug_line_str
                0x000000d5        0x0 /opt/devkitpro/devkitARM/lib/gcc/arm-none-eabi/15.2.0/thumb/libgcc.a(_divsi3.o)
                                 0xcd (size before relaxing)
 .debug_line_str
                0x000000d5        0x0 /opt/devkitpro/devkitARM/lib/gcc/arm-none-eabi/15.2.0/thumb/libgcc.a(_dvmd_tls.o)
                                 0xcd (size before relaxing)
 .debug_line_str
                0x000000d5        0x0 /opt/devkitpro/devkitARM/lib/gcc/arm-none-eabi/15.2.0/thumb/libgcc.a(_aeabi_uldivmod.o)
                                 0xc9 (size before relaxing)
 .debug_line_str
                0x000000d5        0x0 /opt/devkitpro/devkitARM/lib/gcc/arm-none-eabi/15.2.0/thumb/libgcc.a(_clzdi2.o)
                                 0xcd (size before relaxing)
 .debug_line_str
                0x000000d5        0x0 /opt/devkitpro/devkitARM/lib/gcc/arm-none-eabi/15.2.0/thumb/libgcc.a(_clzsi2.o)
                                 0xcd (size before relaxing)
