Archive member included to satisfy reference by file (symbol)

/opt/devkitpro/libgba/lib/libgba.a(Compression.o)
                              pocketnes_text.o (LZ77UnCompVram)
/opt/devkitpro/libgba/lib/libgba.a(interrupt.o)
                              interrupt.o (IntrTable)
/opt/devkitpro/devkitARM/lib/gcc/arm-none-eabi/15.2.0/thumb/libgcc.a(_thumb1_case_sqi.o)
                              vt_regs.o (__gnu_thumb1_case_sqi)
/opt/devkitpro/devkitARM/lib/gcc/arm-none-eabi/15.2.0/thumb/libgcc.a(_thumb1_case_uqi.o)
                              sram.o (__gnu_thumb1_case_uqi)
/opt/devkitpro/devkitARM/lib/gcc/arm-none-eabi/15.2.0/thumb/libgcc.a(_thumb1_case_shi.o)
                              new_speed_hack.o (__gnu_thumb1_case_shi)
/opt/devkitpro/devkitARM/lib/gcc/arm-none-eabi/15.2.0/thumb/libgcc.a(_udivsi3.o)
                              minilzo.o (__aeabi_uidiv)
/opt/devkitpro/devkitARM/lib/gcc/arm-none-eabi/15.2.0/thumb/libgcc.a(_divsi3.o)
                              rommenu.o (__aeabi_idiv)
/opt/devkitpro/devkitARM/lib/gcc/arm-none-eabi/15.2.0/thumb/libgcc.a(_dvmd_tls.o)
                              /opt/devkitpro/devkitARM/lib/gcc/arm-none-eabi/15.2.0/thumb/libgcc.a(_udivsi3.o) (__aeabi_idiv0)
/opt/devkitpro/devkitARM/lib/gcc/arm-none-eabi/15.2.0/thumb/libgcc.a(_aeabi_uldivmod.o)
                              new_speed_hack.o (__aeabi_uldivmod)
/opt/devkitpro/devkitARM/lib/gcc/arm-none-eabi/15.2.0/thumb/libgcc.a(_udivmoddi4.o)
                              /opt/devkitpro/devkitARM/lib/gcc/arm-none-eabi/15.2.0/thumb/libgcc.a(_aeabi_uldivmod.o) (__udivmoddi4)
/opt/devkitpro/devkitARM/lib/gcc/arm-none-eabi/15.2.0/thumb/libgcc.a(_clzdi2.o)
                              /opt/devkitpro/devkitARM/lib/gcc/arm-none-eabi/15.2.0/thumb/libgcc.a(_udivmoddi4.o) (__clzdi2)
/opt/devkitpro/devkitARM/lib/gcc/arm-none-eabi/15.2.0/thumb/libgcc.a(_clzsi2.o)
                              /opt/devkitpro/devkitARM/lib/gcc/arm-none-eabi/15.2.0/thumb/libgcc.a(_clzdi2.o) (__clzsi2)
/opt/devkitpro/devkitARM/lib/gcc/arm-none-eabi/15.2.0/../../../../arm-none-eabi/lib/thumb/libg.a(libc_a-strcat.o)
                              cheat.o (strcat)
/opt/devkitpro/devkitARM/lib/gcc/arm-none-eabi/15.2.0/../../../../arm-none-eabi/lib/thumb/libg.a(libc_a-memcpy-stub.o)
                              cheat.o (memcpy)
/opt/devkitpro/devkitARM/lib/gcc/arm-none-eabi/15.2.0/../../../../arm-none-eabi/lib/thumb/libg.a(libc_a-strlen.o)
                              main.o (strlen)
/opt/devkitpro/devkitARM/lib/gcc/arm-none-eabi/15.2.0/../../../../arm-none-eabi/lib/thumb/libg.a(libc_a-memcmp.o)
                              minilzo.o (memcmp)
/opt/devkitpro/devkitARM/lib/gcc/arm-none-eabi/15.2.0/../../../../arm-none-eabi/lib/thumb/libg.a(libc_a-strcpy.o)
                              cheat.o (strcpy)
/opt/devkitpro/devkitARM/lib/gcc/arm-none-eabi/15.2.0/../../../../arm-none-eabi/lib/thumb/libg.a(libc_a-memset.o)
                              minilzo.o (memset)
/opt/devkitpro/devkitARM/lib/gcc/arm-none-eabi/15.2.0/../../../../arm-none-eabi/lib/thumb/libg.a(libc_a-init.o)
                              gba_crt0_my.o (__libc_init_array)
/opt/devkitpro/devkitARM/lib/gcc/arm-none-eabi/15.2.0/../../../../arm-none-eabi/lib/thumb/libg.a(libc_a-memchr-stub.o)
                              new_speed_hack.o (memchr)
/opt/devkitpro/devkitARM/lib/gcc/arm-none-eabi/15.2.0/../../../../arm-none-eabi/lib/thumb/libg.a(libc_a-memmove.o)
                              minilzo.o (memmove)

Allocating common symbols
Common symbol       size              file

vt_prg_banks        0x4               vt_regs.o

There are no discarded input sections

Memory Configuration

Name             Origin             Length             Attributes
rom              0x08000000         0x02000000
iwram            0x03000000         0x00008000
ewram            0x02000000         0x00040000
vram1            0x06003000         0x00001000
*default*        0x00000000         0xffffffff

Linker script and memory map

LOAD cache.o
LOAD cheat.o
LOAD crash.o
LOAD disasm.o
LOAD interrupt.o
LOAD loadcart.o
LOAD main.o
LOAD mbclient.o
LOAD minilzo.o
LOAD new_speed_hack.o
LOAD pocketnes_text.o
LOAD ppu_vt.o
LOAD rommenu.o
LOAD savestate2.o
LOAD spritecache.o
LOAD sram.o
LOAD ui.o
LOAD vt_regs.o
LOAD 6502.o
LOAD 6502_vt.o
LOAD apack.o
LOAD bindata.o
LOAD cart.o
LOAD cf.o
LOAD division.o
LOAD interruptdispatcher.o
LOAD io.o
LOAD link.o
LOAD memcopy.o
LOAD memory.o
LOAD mem.o
LOAD ppu.o
LOAD sound.o
LOAD speedhack_asm.o
LOAD timeout.o
LOAD visoly.o
LOAD konami.o
LOAD map023771.o
LOAD map105.o
LOAD map113.o
LOAD map1166.o
LOAD map11.o
LOAD map151.o
LOAD map15.o
LOAD map163.o
LOAD map16.o
LOAD map17.o
LOAD map184.o
LOAD map18.o
LOAD map19.o
LOAD map1.o
LOAD map2125.o
LOAD map225.o
LOAD map228.o
LOAD map22.o
LOAD map232.o
LOAD map23.o
LOAD map2426.o
LOAD map28.o
LOAD map30.o
LOAD map32.o
LOAD map33.o
LOAD map34.o
LOAD map38.o
LOAD map40.o
LOAD map41.o
LOAD map42.o
LOAD map4.o
LOAD map5.o
LOAD map64.o
LOAD map65.o
LOAD map67.o
LOAD map68.o
LOAD map69.o
LOAD map70152.o
LOAD map71.o
LOAD map72.o
LOAD map73.o
LOAD map75.o
LOAD map76.o
LOAD map77.o
LOAD map78.o
LOAD map79.o
LOAD map80.o
LOAD map82.o
LOAD map85.o
LOAD map86.o
LOAD map87.o
LOAD map88.o
LOAD map89.o
LOAD map92.o
LOAD map93.o
LOAD map94.o
LOAD map97.o
LOAD map99.o
LOAD map9.o
LOAD mapVT.o
LOAD gba_crt0_my.o
LOAD /opt/devkitpro/libgba/lib/libgba.a
START GROUP
LOAD /opt/devkitpro/devkitARM/lib/gcc/arm-none-eabi/15.2.0/thumb/libgcc.a
LOAD /opt/devkitpro/devkitARM/lib/gcc/arm-none-eabi/15.2.0/../../../../arm-none-eabi/lib/thumb/libg.a
LOAD /opt/devkitpro/devkitARM/lib/gcc/arm-none-eabi/15.2.0/../../../../arm-none-eabi/lib/thumb/libc.a
LOAD /opt/devkitpro/devkitARM/lib/gcc/arm-none-eabi/15.2.0/../../../../arm-none-eabi/lib/thumb/libsysbase.a
END GROUP
                0x08000000                        __text_start = ORIGIN (rom)
                0x02040000                        __eheap_end = (ORIGIN (ewram) + LENGTH (ewram))
                0x03000000                        __iwram_start = ORIGIN (iwram)
                0x03008000                        __iwram_top = (ORIGIN (iwram) + LENGTH (iwram))
                0x03007e00                        __sp_irq = (__iwram_top - 0x200)
                0x03007d60                        __sp_usr = (__sp_irq - 0xa0)
                0x03007ff8                        __irq_flags = 0x3007ff8
                0x08000000                        . = __text_start

.init           0x08000000      0x218
 *(.init)
 .init          0x08000000      0x218 gba_crt0_my.o
                0x08000000                _start
                0x080000c4                __boot_method
                0x080000c5                __slave_number
                0x080000e0                start_vector
                0x08000218                        . = ALIGN (0x4)

.plt            0x08000218        0x0
 *(.plt)
                0x08000218                        . = ALIGN (0x4)

.text           0x08000218     0xfa50
 *(EXCLUDE_FILE(*.iwram*) .text)
 .text          0x08000218      0x25c cache.o
                0x08000218                memcpy_if_okay
                0x08000238                simpleswap_if_okay
                0x08000250                assign_chr_pages
                0x08000270                assign_prg_pages
                0x08000290                assign_prg_pages2
                0x080002a2                assign_chr_pages2
                0x080002b4                swap_prg_pages
                0x080002fc                make_contiguous
                0x08000370                get_rom_map
                0x08000434                get_vram_map
                0x08000464                rebankswitch
 .text          0x08000474      0xa04 cheat.o
                0x08000474                print_cheatfinder_line_func
                0x080004c4                print_cheatfinder_line_newold_func
                0x0800050c                drawui5
                0x0800064c                update_cheatfinder_tally
                0x080006a0                reset_cheatfinder
                0x080006bc                cheat_memcopy
                0x080006dc                write_byte
                0x080006fa                add_cheat
                0x08000784                real_address
                0x080007a6                do_cheats
                0x080007ec                do_cheat_test
                0x08000802                cf_equal
                0x08000810                cf_notequal
                0x0800081e                cf_greater
                0x0800082c                cf_less
                0x0800083a                cf_greaterequal
                0x08000848                cf_lessequal
                0x08000856                cf_comparewith
                0x08000870                cf_update
                0x0800089c                cf_newsearch
                0x080008d4                ui5
                0x0800090c                cf_next_result
                0x08000940                cf_result
                0x0800095e                cf_drawresults
                0x08000a2c                cf_drawedit
                0x08000b64                edit_cheat
                0x08000c60                cf_results
                0x08000d00                delete_cheat
                0x08000d8c                cf_editcheats
 .text          0x08000e78      0x1b4 crash.o
                0x08000e78                crash
 .text          0x0800102c        0x0 disasm.o
 .text          0x0800102c      0x138 interrupt.o
                0x0800102c                dummy
                0x0800102e                irqInit
                0x08001058                InitInterrupt
                0x08001064                irqSet
                0x0800109c                SetInterrupt
                0x080010a8                irqEnable
                0x080010fc                EnableInterrupt
                0x08001108                irqDisable
                0x08001158                DisableInterrupt
 .text          0x08001164      0xbf0 loadcart.o
                0x08001164                get_end_of_cache
                0x080011c8                setup_cheatfinder
                0x08001224                stop_dma_interrupts
                0x0800126c                resume_interrupts
                0x08001278                swapmem
                0x080012a2                init_cache
                0x08001a28                redecompress
                0x08001a60                loadcart
 .text          0x08001d54      0x404 main.o
                0x08001d54                _init
                0x08001d56                splash
                0x08001de0                strstr_
                0x08001e22                C_entry
 .text          0x08002158        0x0 mbclient.o
 .text          0x08002158      0x9f8 minilzo.o
                0x08002158                __lzo_ptr_linear
                0x0800215a                __lzo_align_gap
                0x08002172                lzo_assert
                0x08002178                lzo_copyright
                0x08002180                lzo_version
                0x08002188                lzo_version_string
                0x08002190                lzo_version_date
                0x08002198                _lzo_version_string
                0x080021a0                _lzo_version_date
                0x080021a8                lzo_adler32
                0x080022f0                lzo_memcmp
                0x080022fc                lzo_memcpy
                0x08002308                lzo_memmove
                0x08002314                lzo_memset
                0x08002320                _lzo_config_check
                0x080023a0                __lzo_init2
                0x08002428                lzo1x_1_compress
                0x08002700                lzo1x_decompress
                0x080028c0                lzo1x_decompress_safe
 .text          0x08002b50      0x420 new_speed_hack.o
                0x08002b50                quickhackfinder
                0x08002dc4                konami_match
                0x08002e50                game_specific_hack
                0x08002f00                speedhack_manager
 .text          0x08002f70      0x390 pocketnes_text.o
                0x08002f70                lookup_character
                0x08002f94                swap_column
                0x08003000                move_ui
                0x08003074                loadfont
                0x0800308c                loadfontpal
                0x080030a8                clearoldkey
                0x080030bc                getmenuinput
                0x08003138                cls
                0x080031b4                drawtext
                0x08003270                setdarknessgs
                0x0800329c                get_ready_to_display_text
                0x080032c8                setbrightnessall
                0x080032e0                waitkey
 .text          0x08003300      0xde8 ppu_vt.o
                0x08003b0c                ppu_vt_reset
                0x08003b60                ppu_vt_init
                0x08003b6c                vt_ppumode_write
                0x08003b78                vt_palette_write
                0x08003ba8                vt_palette_write_lo
                0x08003be0                vt_palette_write_hi
                0x08003c20                vt_palette_rebuild_gba
                0x08003d64                vt_oam_ext_write
                0x08003d74                vt_chr_sync_from_prg
                0x08003d8c                vt_chr4_do_rebuild
                0x08003da0                vt_chr4_rebuild_if_dirty
                0x08003fdc                vt_16c_palette_fixup
                0x0800401c                vt_ppu_reg_write
 .text          0x080040e8      0x3d8 rommenu.o
                0x080040e8                find_nes_header
                0x08004108                findrom
                0x0800415c                drawmenu
                0x08004258                rommenu
                0x08004358                getinput
                0x080043b0                rommenu_frame
 .text          0x080044c0      0x610 savestate2.o
                0x080047a0                loadstate
                0x08004a5c                savestate
 .text          0x08004ad0      0x1f4 spritecache.o
                0x08004ad0                init_sprite_cache
                0x08004b3c                add_if_needed
                0x08004b5c                recache_sprites
 .text          0x08004cc4      0xf68 sram.o
                0x08004cc4                sram_matches
                0x08004d00                bytecopy
                0x08004d14                flush_end_sram
                0x08004d50                probe_sram_size
                0x08004e08                getsram
                0x08004e64                writeerror
                0x08004eb0                twodigits
                0x08004ed8                getstatetimeandsize
                0x08004f54                drawstates
                0x080050f4                findstate
                0x08005148                get_sram_owner
                0x08005154                findconfig
                0x08005184                updatestates
                0x08005290                managesram
                0x0800530c                deletemenu
                0x0800537c                writeconfig
                0x08005494                no_sram_owner
                0x080054b0                readconfig
                0x0800555c                checksum
                0x080055bc                compressstate
                0x08005630                savestatemenu
                0x080056c4                save_new_sram
                0x08005704                can_quickload
                0x08005724                find_rom_number_by_checksum
                0x08005758                backup_nes_sram
                0x08005858                cheatload
                0x080058e0                cheatsave
                0x08005970                quicksave
                0x080059e8                register_sram_owner
                0x08005a08                get_saved_sram
                0x08005a80                setup_sram_after_loadstate
                0x08005ac8                uncompressstate
                0x08005b0c                loadstatemenu
                0x08005bdc                quickload
                0x08005c1c                using_flashcart
 .text          0x08005c2c      0xd2c ui.o
                0x08005c2c                autoAset
                0x08005c7c                autoBset
                0x08005ccc                vblset
                0x08005ce4                fpsset
                0x08005cf4                swapAB
                0x08005d08                autostateset
                0x08005d18                autostateset2
                0x08005d28                followramtoggle
                0x08005d38                controller
                0x08005d60                brightset
                0x08005d84                display
                0x08005dac                sleepset
                0x08005e00                flickset
                0x08005e28                strmerge_str
                0x08005e54                text1_str
                0x08005e8c                print_1_func
                0x08005e9c                text2_str
                0x08005ec4                print_2_func
                0x08005ed4                GetRegion
                0x08005ef4                drawui2
                0x08005fc0                SetRegion
                0x08005ff4                nextregion
                0x0800600a                text
                0x0800603c                text2
                0x0800605c                strmerge
                0x08006078                drawui1
                0x08006160                strmerge3
                0x08006186                strmerge4
                0x080061b4                hexn
                0x080061fc                drawui3
                0x080062bc                drawclock
                0x08006324                ui
                0x080064b0                fadetowhite
                0x080064da                exit_
                0x08006524                sleep_
                0x08006550                scrolll
                0x08006580                restart
                0x080065a0                scrollr
                0x080065cc                subui
                0x0800666c                ui2
                0x0800667a                ui3
                0x08006688                ui4
                0x08006696                cpuhacktoggle
                0x080066b0                ppuhacktoggle
                0x080066cc                draw_input_text
                0x08006720                inputhex
                0x080067e4                selectfollowaddress
                0x08006834                inputtext
                0x080068f8                number_at
                0x0800693e                number
 .text          0x08006958      0x93c vt_regs.o
                0x08006a5c                vt_timer_tick_frame
                0x08006ab8                vt_recompute_prg_banks
                0x08006b1c                vt09_set_encryption
                0x08006b30                vt09_decode_opcode
                0x08006bc4                vt_rebuild_optable
                0x08006c54                vt_reset
                0x08006d40                vt_reg_write
                0x08006fa8                vt_mmc3_forward
                0x080070d0                vt_reg_read
                0x0800711c                vt_adpcm_tick
                0x08007198                vt_adpcm_mix_gba
 .text          0x08007294      0x48c 6502.o
                0x08007680                CPU_reset
 .text          0x08007720      0x1dc 6502_vt.o
                0x08007720                vt_patch_optable
 .text          0x080078fc       0x1c apack.o
                0x080078fc                depack
 .text          0x08007918        0x0 bindata.o
 .text          0x08007918      0x7a0 cart.o
                0x08007ab8                loadcart_asm
                0x08007c68                hardreset
                0x08007c84                tags
                0x08007cc4                loadstate_gfx
                0x08007f1c                reset_all
                0x0800805c                reset_buffers
 .text          0x080080b8       0xa8 cf.o
                0x080080b8                cheat_test
 .text          0x08008160        0x0 division.o
 .text          0x08008160        0xc interruptdispatcher.o
 .text          0x0800816c      0x2a4 io.o
                0x0800816c                breakpoint
                0x08008174                vbaprint
                0x0800817c                waitframe
                0x0800818c                CheckGBAVersion
                0x080081e0                IO_reset
                0x0800822c                spriteinit
                0x08008298                suspend
                0x080082e0                gettime
                0x080083a0                doReset
 .text          0x08008410      0x310 link.o
                0x08008410                serialinterrupt
                0x080085cc                resetSIO
                0x08008624                link_multi
 .text          0x08008720       0x24 memcopy.o
                0x08008720                memset8
                0x0800872c                memset32_
                0x08008730                memset16_
                0x08008734                memcpy32_
 .text          0x08008744        0x0 memory.o
 .text          0x08008744        0x0 mem.o
 .text          0x08008744     0x149c ppu.o
                0x08008744                nes_rgb
                0x08008944                remap_pal
                0x08008aa0                paletteinit
                0x08008b1c                build_chr_decode
                0x08008b80                PPU_reset
                0x0800959c                sprite_zero_handler_3
                0x080095bc                turn_screen_on
                0x080096b4                catchups
                0x080096c8                turn_screen_off
                0x08009930                newframe_set0
                0x08009a2c                dma_W
                0x08009b5c                set_bg_cache_available
                0x08009b78                set_bg_cache_produce_limit_consume_begin
 .text          0x08009be0      0xe84 sound.o
                0x08009be0                frame_sequencer_handler
                0x08009f28                want_to_do_frame_irq
                0x08009f40                frame_irq_handler
                0x08009f88                vt_timer_install_now
                0x0800a068                _4000w
                0x0800a0f0                _4001w
                0x0800a100                _4002w
                0x0800a108                update_sq1_period
                0x0800a158                _4003w
                0x0800a1b4                _4004w
                0x0800a23c                _4005w
                0x0800a24c                _4006w
                0x0800a254                update_sq2_period
                0x0800a2a4                _4007w
                0x0800a2e0                _4008w
                0x0800a2e8                _400Aw
                0x0800a2f0                update_tri_period
                0x0800a324                _400Bw
                0x0800a364                _400Cw
                0x0800a3ac                _400Ew
                0x0800a3e4                _400Fw
                0x0800a40c                _4010w
                0x0800a490                _4011w
                0x0800a4a4                _4012w
                0x0800a4bc                _4013w
                0x0800a5b4                _4015w
                0x0800a6e8                _4017w
                0x0800a758                _4015r
                0x0800a8e4                dmc_handler
                0x0800a8f0                Sound_hardware_reset
                0x0800a9b4                sound_reset
                0x0800a9e0                reset_sound_after_loadstate
 .text          0x0800aa64       0xc4 speedhack_asm.o
                0x0800aaac                cpuhack_reset
 .text          0x0800ab28      0x914 timeout.o
                0x0800ab28                run
                0x0800afa4                nmi_handler
                0x0800b044                ntsc_pal_reset
                0x0800b11c                timeout_reset
                0x0800b18c                encode_timeouts
                0x0800b1fc                decode_timeouts
                0x0800b310                HandlersTable
 .text          0x0800b43c      0x1bc visoly.o
                0x0800b43c                VISOLY_START
                0x0800b5f8                VISOLY_END
 .text          0x0800b5f8        0x0 konami.o
 .text          0x0800b5f8       0x78 map023771.o
                0x0800b5f8                mapper0init
                0x0800b60c                mapper2init
                0x0800b620                mapper3init
                0x0800b634                mapper7init
                0x0800b648                mapper71init
                0x0800b65c                mapper180init
 .text          0x0800b670      0x164 map105.o
                0x0800b670                mapper105init
 .text          0x0800b7d4       0x90 map113.o
                0x0800b7d4                mapper113init
 .text          0x0800b864       0x74 map1166.o
                0x0800b864                mapper11init
                0x0800b878                mapper66init
 .text          0x0800b8d8       0x60 map11.o
 .text          0x0800b938       0x64 map151.o
                0x0800b938                mapper151init
 .text          0x0800b99c      0x180 map15.o
                0x0800b99c                mapper15init
 .text          0x0800bb1c      0x1f4 map163.o
                0x0800bb1c                mapper163init
                0x0800bc5c                Mapper163HalfScreenHandler
 .text          0x0800bd10      0x1b8 map16.o
                0x0800bd10                mapper16init
                0x0800bd38                map16_handler
 .text          0x0800bec8      0x100 map17.o
                0x0800bec8                mapper17init
                0x0800bf8c                mapper_17_hook
 .text          0x0800bfc8       0x3c map184.o
                0x0800bfc8                mapper184init
 .text          0x0800c004      0x270 map18.o
                0x0800c004                mapper18init
                0x0800c020                map18_handler
 .text          0x0800c274      0x240 map19.o
                0x0800c274                mapper210init
                0x0800c288                mapper19init
                0x0800c2ac                map19_irq_handler
                0x0800c2cc                map19_handler
 .text          0x0800c4b4       0x44 map1.o
                0x0800c4b4                mapper1init
 .text          0x0800c4f8      0x10c map2125.o
                0x0800c4f8                mapper25init
                0x0800c4f8                mapper21init
 .text          0x0800c604      0x128 map225.o
                0x0800c604                mapper225init
 .text          0x0800c72c       0xac map228.o
                0x0800c72c                mapper228init
 .text          0x0800c7d8       0x84 map22.o
                0x0800c7d8                mapper22init
 .text          0x0800c85c       0x64 map232.o
                0x0800c85c                mapper232init
 .text          0x0800c8c0       0xd0 map23.o
                0x0800c8c0                mapper23init
 .text          0x0800c990       0xb4 map2426.o
                0x0800c990                mapper24init
                0x0800c9a4                mapper26init
 .text          0x0800ca44       0xcc map28.o
                0x0800ca44                mapper28init
 .text          0x0800cb10       0x5c map30.o
                0x0800cb10                mapper30init
 .text          0x0800cb6c       0x60 map32.o
                0x0800cb6c                mapper32init
 .text          0x0800cbcc       0xa0 map33.o
                0x0800cbcc                mapper33init
 .text          0x0800cc6c       0x5c map34.o
                0x0800cc6c                mapper34init
 .text          0x0800ccc8       0x68 map38.o
                0x0800ccc8                mapper38init
 .text          0x0800cd30       0x70 map40.o
                0x0800cd30                mapper40init
 .text          0x0800cda0       0xc8 map41.o
                0x0800cda0                mapper41init
 .text          0x0800ce68       0x8c map42.o
                0x0800ce68                mapper42init
 .text          0x0800cef4      0x3a4 map4.o
                0x0800cef4                mapper74init
                0x0800cef4                mapper118init
                0x0800cef4                mapper249init
                0x0800cef4                mapper245init
                0x0800cef4                mapper119init
                0x0800cef4                mapper4init
                0x0800cf70                mapper206init
                0x0800d108                mmc3_ntsc_pal_reset
 .text          0x0800d298      0x54c map5.o
                0x0800d298                mapper5init
                0x0800d698                mmc5_handler_2
                0x0800d6ac                mmc5_handler
 .text          0x0800d7e4      0x310 map64.o
                0x0800d82c                mapper64init
 .text          0x0800daf4      0x1d4 map65.o
                0x0800daf4                mapper65init
                0x0800db08                map65_handler
 .text          0x0800dcc8      0x1a8 map67.o
                0x0800dcc8                mapper67init
                0x0800dcdc                map67_handler
 .text          0x0800de70       0x64 map68.o
                0x0800de70                mapper68init
 .text          0x0800ded4      0x200 map69.o
                0x0800ded4                mapper69init
                0x0800dee8                map69_handler
 .text          0x0800e0d4       0x48 map70152.o
                0x0800e0d4                mapper152init
                0x0800e0d4                mapper70init
 .text          0x0800e11c       0x7c map71.o
 .text          0x0800e198       0x3c map72.o
                0x0800e198                mapper72init
 .text          0x0800e1d4       0x94 map73.o
                0x0800e1d4                mapper73init
 .text          0x0800e268       0xc0 map75.o
                0x0800e268                mapper75init
 .text          0x0800e328       0x68 map76.o
                0x0800e328                mapper76init
 .text          0x0800e390       0x50 map77.o
                0x0800e390                mapper77init
 .text          0x0800e3e0       0x54 map78.o
                0x0800e3e0                mapper78init
 .text          0x0800e434       0x58 map79.o
                0x0800e434                mapper79init
 .text          0x0800e48c      0x104 map80.o
                0x0800e48c                mapper80init
 .text          0x0800e590       0x70 map82.o
                0x0800e590                mapper82init
 .text          0x0800e600       0x74 map85.o
                0x0800e600                mapper85init
 .text          0x0800e674       0x54 map86.o
                0x0800e674                mapper86init
 .text          0x0800e6c8       0x20 map87.o
                0x0800e6c8                mapper87init
 .text          0x0800e6e8       0x84 map88.o
                0x0800e6e8                mapper88init
 .text          0x0800e76c       0x90 map89.o
                0x0800e76c                mapper89init
 .text          0x0800e7fc       0x5c map92.o
                0x0800e7fc                mapper92init
 .text          0x0800e858       0x38 map93.o
                0x0800e858                mapper93init
 .text          0x0800e890       0x20 map94.o
                0x0800e890                mapper94init
 .text          0x0800e8b0       0x3c map97.o
                0x0800e8b0                mapper97init
 .text          0x0800e8ec       0x54 map99.o
                0x0800e8ec                mapper99init
 .text          0x0800e940       0xbc map9.o
                0x0800e940                mapper9init
                0x0800e964                mapper10init
                0x0800e9c4                mapper9BGcheck
 .text          0x0800e9fc      0x28c mapVT.o
                0x0800e9fc                mapVTinit
                0x0800ea58                vt_apply_prg_banks
                0x0800eaa0                read_vt4xxx
                0x0800eab4                write_vt4xxx
                0x0800ec0c                write_vt_rom
 .text          0x0800ec88        0x0 gba_crt0_my.o
 .text          0x0800ec88       0x24 /opt/devkitpro/libgba/lib/libgba.a(Compression.o)
                0x0800ec88                BitUnPack
                0x0800ec8c                LZ77UnCompWram
                0x0800ec90                LZ77UnCompVram
                0x0800ec94                HuffUnComp
                0x0800ec98                RLUnCompWram
                0x0800ec9c                RLUnCompVram
                0x0800eca0                Diff8bitUnFilterWram
                0x0800eca4                Diff8bitUnFilterVram
                0x0800eca8                Diff16bitUnFilter
 .text          0x0800ecac      0x3c4 /opt/devkitpro/libgba/lib/libgba.a(interrupt.o)
 .text          0x0800f070       0x14 /opt/devkitpro/devkitARM/lib/gcc/arm-none-eabi/15.2.0/thumb/libgcc.a(_thumb1_case_sqi.o)
                0x0800f070                __gnu_thumb1_case_sqi
 .text          0x0800f084       0x14 /opt/devkitpro/devkitARM/lib/gcc/arm-none-eabi/15.2.0/thumb/libgcc.a(_thumb1_case_uqi.o)
                0x0800f084                __gnu_thumb1_case_uqi
 .text          0x0800f098       0x14 /opt/devkitpro/devkitARM/lib/gcc/arm-none-eabi/15.2.0/thumb/libgcc.a(_thumb1_case_shi.o)
                0x0800f098                __gnu_thumb1_case_shi
 .text          0x0800f0ac      0x11c /opt/devkitpro/devkitARM/lib/gcc/arm-none-eabi/15.2.0/thumb/libgcc.a(_udivsi3.o)
                0x0800f0ac                __udivsi3
                0x0800f0ac                __aeabi_uidiv
                0x0800f1a8                __aeabi_uidivmod
 .text          0x0800f1c8      0x150 /opt/devkitpro/devkitARM/lib/gcc/arm-none-eabi/15.2.0/thumb/libgcc.a(_divsi3.o)
                0x0800f1c8                __aeabi_idiv
                0x0800f1c8                __divsi3
                0x0800f2f8                __aeabi_idivmod
 .text          0x0800f318        0x4 /opt/devkitpro/devkitARM/lib/gcc/arm-none-eabi/15.2.0/thumb/libgcc.a(_dvmd_tls.o)
                0x0800f318                __aeabi_ldiv0
                0x0800f318                __aeabi_idiv0
 .text          0x0800f31c       0x3c /opt/devkitpro/devkitARM/lib/gcc/arm-none-eabi/15.2.0/thumb/libgcc.a(_aeabi_uldivmod.o)
                0x0800f31c                __aeabi_uldivmod
 .text          0x0800f358        0x0 /opt/devkitpro/devkitARM/lib/gcc/arm-none-eabi/15.2.0/thumb/libgcc.a(_udivmoddi4.o)
 .text          0x0800f358       0x28 /opt/devkitpro/devkitARM/lib/gcc/arm-none-eabi/15.2.0/thumb/libgcc.a(_clzdi2.o)
                0x0800f358                __clzdi2
 .text          0x0800f380       0x48 /opt/devkitpro/devkitARM/lib/gcc/arm-none-eabi/15.2.0/thumb/libgcc.a(_clzsi2.o)
                0x0800f380                __clzsi2
 .text          0x0800f3c8        0x0 /opt/devkitpro/devkitARM/lib/gcc/arm-none-eabi/15.2.0/../../../../arm-none-eabi/lib/thumb/libg.a(libc_a-strcat.o)
 .text          0x0800f3c8        0x0 /opt/devkitpro/devkitARM/lib/gcc/arm-none-eabi/15.2.0/../../../../arm-none-eabi/lib/thumb/libg.a(libc_a-memcpy-stub.o)
 .text          0x0800f3c8        0x0 /opt/devkitpro/devkitARM/lib/gcc/arm-none-eabi/15.2.0/../../../../arm-none-eabi/lib/thumb/libg.a(libc_a-strlen.o)
 .text          0x0800f3c8        0x0 /opt/devkitpro/devkitARM/lib/gcc/arm-none-eabi/15.2.0/../../../../arm-none-eabi/lib/thumb/libg.a(libc_a-memcmp.o)
 .text          0x0800f3c8        0x0 /opt/devkitpro/devkitARM/lib/gcc/arm-none-eabi/15.2.0/../../../../arm-none-eabi/lib/thumb/libg.a(libc_a-strcpy.o)
 .text          0x0800f3c8        0x0 /opt/devkitpro/devkitARM/lib/gcc/arm-none-eabi/15.2.0/../../../../arm-none-eabi/lib/thumb/libg.a(libc_a-memset.o)
 .text          0x0800f3c8        0x0 /opt/devkitpro/devkitARM/lib/gcc/arm-none-eabi/15.2.0/../../../../arm-none-eabi/lib/thumb/libg.a(libc_a-init.o)
 .text          0x0800f3c8        0x0 /opt/devkitpro/devkitARM/lib/gcc/arm-none-eabi/15.2.0/../../../../arm-none-eabi/lib/thumb/libg.a(libc_a-memchr-stub.o)
 .text          0x0800f3c8        0x0 /opt/devkitpro/devkitARM/lib/gcc/arm-none-eabi/15.2.0/../../../../arm-none-eabi/lib/thumb/libg.a(libc_a-memmove.o)
 *(.text .stub SORT_BY_NAME(.text.*) .gnu.linkonce.t.*)
 .text.__libc_init_array
                0x0800f3c8       0x54 /opt/devkitpro/devkitARM/lib/gcc/arm-none-eabi/15.2.0/../../../../arm-none-eabi/lib/thumb/libg.a(libc_a-init.o)
                0x0800f3c8                __libc_init_array
 .text.__udivmoddi4
                0x0800f41c      0x194 /opt/devkitpro/devkitARM/lib/gcc/arm-none-eabi/15.2.0/thumb/libgcc.a(_udivmoddi4.o)
                0x0800f41c                __udivmoddi4
 .text.memchr   0x0800f5b0       0x74 /opt/devkitpro/devkitARM/lib/gcc/arm-none-eabi/15.2.0/../../../../arm-none-eabi/lib/thumb/libg.a(libc_a-memchr-stub.o)
                0x0800f5b0                memchr
 .text.memcmp   0x0800f624       0x48 /opt/devkitpro/devkitARM/lib/gcc/arm-none-eabi/15.2.0/../../../../arm-none-eabi/lib/thumb/libg.a(libc_a-memcmp.o)
                0x0800f624                memcmp
 .text.memcpy   0x0800f66c       0xac /opt/devkitpro/devkitARM/lib/gcc/arm-none-eabi/15.2.0/../../../../arm-none-eabi/lib/thumb/libg.a(libc_a-memcpy-stub.o)
                0x0800f66c                memcpy
 .text.memmove  0x0800f718      0x108 /opt/devkitpro/devkitARM/lib/gcc/arm-none-eabi/15.2.0/../../../../arm-none-eabi/lib/thumb/libg.a(libc_a-memmove.o)
                0x0800f718                memmove
 .text.memset   0x0800f820       0x8c /opt/devkitpro/devkitARM/lib/gcc/arm-none-eabi/15.2.0/../../../../arm-none-eabi/lib/thumb/libg.a(libc_a-memset.o)
                0x0800f820                memset
 .text.startup  0x0800f8ac       0x44 main.o
                0x0800f8ac                main
 .text.strcat   0x0800f8f0       0x70 /opt/devkitpro/devkitARM/lib/gcc/arm-none-eabi/15.2.0/../../../../arm-none-eabi/lib/thumb/libg.a(libc_a-strcat.o)
                0x0800f8f0                strcat
 .text.strcpy   0x0800f960       0x10 /opt/devkitpro/devkitARM/lib/gcc/arm-none-eabi/15.2.0/../../../../arm-none-eabi/lib/thumb/libg.a(libc_a-strcpy.o)
                0x0800f960                strcpy
 .text.strlen   0x0800f970       0x60 /opt/devkitpro/devkitARM/lib/gcc/arm-none-eabi/15.2.0/../../../../arm-none-eabi/lib/thumb/libg.a(libc_a-strlen.o)
                0x0800f970                strlen
 .text.strlen.__stub
                0x0800f9d0      0x254 linker stubs
 *(.text.*personality*)
 *(.gnu.warning)
 *(.glue_7t)
 .glue_7t       0x0800fc24        0x0 linker stubs
 *(.glue_7)
 .glue_7        0x0800fc24        0x0 linker stubs
 *(.vfp11_veneer)
 .vfp11_veneer  0x0800fc24        0x0 linker stubs
                0x0800fc24                        . = ALIGN (0x4)
                0x0800fc68                        __text_end = .

.v4_bx          0x0800fc68        0x0
 .v4_bx         0x0800fc68        0x0 linker stubs

.iplt           0x0800fc68        0x0
 .iplt          0x0800fc68        0x0 cache.o

.append         0x0800fc68      0x6fc
 .append        0x0800fc68      0x6fc bindata.o
                0x0800fc68                font
                0x08010324                fontpal

.fini           0x08010364        0x0
 *(.fini)
                0x08010364                        . = ALIGN (0x4)

.rodata         0x08010364     0x2c54
 *(.rodata)
 .rodata        0x08010364       0x74 crash.o
                0x08010364                regtxt3
                0x0801037c                reg3offsets
                0x08010384                regtxt
                0x080103b0                regtxt2
 .rodata        0x080103d8        0x4 main.o
                0x080103d8                ne
 .rodata        0x080103dc        0x5 minilzo.o
                0x080103dc                __lzo_copyright
 *fill*         0x080103e1        0x3 ff
 .rodata        0x080103e4      0x18d new_speed_hack.o
                0x080103e4                konami_speedhack_sizes
                0x080103f0                konami_speedhacks
                0x08010414                capcom_speedhack
                0x08010427                konami_speedhack_cycles
                0x08010430                quickhackfinder_ins_table
                0x08010530                konami_speedhack_8
                0x08010536                konami_speedhack_7
                0x0801053c                konami_speedhack_6
                0x08010544                konami_speedhack_5
                0x0801054c                konami_speedhack_4
                0x08010553                konami_speedhack_3
                0x0801055a                konami_speedhack_2
                0x08010561                konami_speedhack_1
                0x08010568                konami_speedhack_0
 .rodata        0x08010571        0xb pocketnes_text.o
 .rodata        0x0801057c     0x2088 ppu_vt.o
 .rodata        0x08012604       0xf3 savestate2.o
                0x08012604                sizes
                0x08012644                addresses
                0x08012684                load_functions
                0x080126a4                save_function_numbers
                0x080126b4                save_functions
                0x080126d4                saveversion
 *fill*         0x080126f7        0x1 ff
 .rodata        0x080126f8       0x30 sram.o
                0x080126f8                configtemplate
 .rodata        0x08012728      0x18c ui.o
                0x08012728                vsynctxt
                0x08012734                autotxt
                0x08012740                sleeptxt
                0x08012750                cntrtxt
                0x08012760                hostname
                0x08012774                ctrltxt
                0x0801278c                disptxt
                0x0801279c                flicktxt
                0x080127a4                brightxt
                0x080127b8                followtxt
                0x080127c0                followtxt2
                0x080127c8                MENUXITEMS
                0x080127d0                fnlistX
                0x080127e8                drawuiX
                0x08012800                fnlist5
                0x0801282c                fnlistdummy
                0x08012830                fnlist3
                0x08012844                fnlist2
                0x08012860                fnlist1
                0x08012890                multifnlist
 .rodata        0x080128b4       0xc8 vt_regs.o
 *all.rodata*(*)
 *(.roda)
 *(.rodata.*)
 .rodata.str1.1
                0x0801297c      0x63b cheat.o
                                0x134 (size before relaxing)
 .rodata.str1.1
                0x08012fb7        0x0 crash.o
                                0x103 (size before relaxing)
 .rodata.str1.1
                0x08012fb7        0x0 main.o
                                 0x7f (size before relaxing)
 .rodata.str1.1
                0x08012fb7        0x0 minilzo.o
                                 0x11 (size before relaxing)
 .rodata.str1.1
                0x08012fb7        0x0 sram.o
                                 0xfb (size before relaxing)
 .rodata.str1.1
                0x08012fb7        0x0 ui.o
                                0x2aa (size before relaxing)
 *(.gnu.linkonce.r*)
                0x08012fb8                        . = ALIGN (0x4)
 *fill*         0x08012fb7        0x1 ff

.ARM.extab
 *(.ARM.extab* .gnu.linkonce.armextab.*)
                0x08012fb8                        __exidx_start = .

.ARM.exidx
 *(.ARM.exidx* .gnu.linkonce.armexidx.*)
                0x08012fb8                        __exidx_end = .

.ctors          0x08012fb8        0x0
 *crtbegin.o(.ctors)
 *(EXCLUDE_FILE(*crtend.o) .ctors)
 *(SORT_BY_NAME(.ctors.*))
 *(.ctors)
                0x08012fb8                        . = ALIGN (0x4)

.dtors          0x08012fb8        0x0
 *crtbegin.o(.dtors)
 *(EXCLUDE_FILE(*crtend.o) .dtors)
 *(SORT_BY_NAME(.dtors.*))
 *(.dtors)
                0x08012fb8                        . = ALIGN (0x4)

.eh_frame       0x08012fb8        0x0
 *(.eh_frame)
                0x08012fb8                        . = ALIGN (0x4)

.gcc_except_table
                0x08012fb8        0x0
 *(.gcc_except_table)
                0x08012fb8                        . = ALIGN (0x4)
                0x08012fb8                        __iwram_lma = .

.bss_prefix     0x03000000     0x2800
                0x03000000                        __bss_prefix_start__ = ABSOLUTE (.)
 *(.bss_prefix)
 .bss_prefix    0x03000000     0x2800 mem.o
                0x03000000                NES_RAM
                0x03000800                NES_SRAM
 *(SORT_BY_NAME(.bss_prefix.*))
 *(.bss_prefix*)
                0x03002800                        . = ALIGN (0x4)
                0x03002800                        __bss_prefix_end__ = ABSOLUTE (.)

.iwram          0x03002800     0x47b0 load address 0x08012fb8
                0x03002800                        __iwram_start__ = ABSOLUTE (.)
 *(.iwram)
 .iwram         0x03002800     0x1d30 6502.o
                0x03002980                _10
                0x030029b0                _10y
                0x030029c4                branchhack_back
                0x03002d38                _30
                0x03002d68                _30y
                0x03003010                _4Cy
                0x0300301c                _4C
                0x030030c0                _50
                0x030030f0                _50y
                0x030033a8                _6C
                0x0300347c                _70
                0x030034ac                _70y
                0x030037dc                _90
                0x0300380c                _90y
                0x03003b08                _B0
                0x03003b38                _B0y
                0x03003ec4                _D0
                0x03003ef4                _D0y
                0x03004238                _F0
                0x03004268                _F0y
                0x0300447c                check_irq
                0x03004488                _GO
                0x03004498                CheckI
                0x030044a0                irq6502
                0x030044b8                Vec6502
 .iwram         0x03004530        0x4 6502_vt.o
 .iwram         0x03004534      0x170 apack.o
 .iwram         0x030046a4      0x89c cart.o
                0x030046a4                vt_set_mirroring
                0x030046b4                mirrorKonami_
                0x030046c0                mirror1_
                0x030046cc                mirror2V_
                0x030046d8                mirror2H_
                0x030046e4                mirror4_
                0x03004748                map67_
                0x03004768                map89_
                0x03004788                mapAB_
                0x030047a8                mapCD_
                0x030047c8                mapEF_
                0x030047e8                map89AB_rshift_
                0x030047ec                map89AB_
                0x03004834                mapCDEF_rshift_
                0x03004838                mapCDEF_
                0x03004868                map89ABCDEF_rshift_
                0x0300486c                map89ABCDEF_
                0x030048b0                writeCHRTBL
                0x030048d0                chr0_
                0x030048ec                chr1_
                0x03004908                chr2_
                0x03004924                chr3_
                0x03004940                chr4_
                0x0300495c                chr5_
                0x03004978                chr6_
                0x03004994                chr7_
                0x030049b0                chr01_rshift_
                0x030049b4                chr01_
                0x030049e4                chr23_rshift_
                0x030049e8                chr23_
                0x03004a18                chr45_rshift_
                0x03004a1c                chr45_
                0x03004a4c                chr67_rshift_
                0x03004a50                chr67_
                0x03004a80                chr0123_
                0x03004ac4                chr01234567_rshift_
                0x03004ac8                chr01234567_
                0x03004b1c                chr4567_
                0x03004b5c                updateBGCHR_
                0x03004c24                chrfinish2
                0x03004c34                chr_req_
                0x03004d40                im_lazy
                0x03004e44                render_tiles_2
 .iwram         0x03004f40       0x48 cf.o
 .iwram         0x03004f88      0x110 interruptdispatcher.o
                0x03004f88                IntrMain
 .iwram         0x03005098       0xa0 io.o
                0x03005098                thumbcall_r1
                0x0300509c                IO_R
                0x030050c0                empty_io_r_hook
                0x030050c4                IO_W
                0x0300512c                joypad_write_ptr
                0x03005134                empty_io_w_hook
 .iwram         0x03005138      0x194 memcopy.o
                0x03005138                memset32
                0x03005140                memset16
                0x030051d4                memcpy32
                0x03005234                memmove32
                0x03005280                simpleswap32
 .iwram         0x030052cc       0x90 memory.o
                0x030052cc                empty_R
                0x030052d0                void
                0x030052d4                empty_W
                0x030052d8                ram_R
                0x030052e4                ram_W
                0x030052f0                sram_R
                0x030052fc                sram_W
                0x03005308                sram_W2
                0x03005314                sram_W2_modify
                0x03005320                rom_R60
                0x0300532c                rom_R80
                0x03005338                rom_RA0
                0x03005344                rom_RC0
                0x03005350                rom_RE0
 .iwram         0x0300535c     0x13e0 ppu.o
                0x03005454                vblankinterrupt
                0x03005888                PPU_R
                0x03005894                PPU_read_tbl
                0x030058b4                PPU_W
                0x03005924                ctrl0_W
                0x030059bc                ctrl1_W
                0x030059cc                ctrl1_W_force
                0x03005a60                stat_R_simple
                0x03005a64                ppustat_
                0x03005a6c                stat_R_clearvbl
                0x03005b24                newX
                0x03005b4c                newX2
                0x03005c40                UpdateXYScroll_V_equals_T
                0x03005cf0                newY
                0x03005db8                vramaddrinc_modify2
                0x03005dec                vt_pal_dma_fast
                0x03005ea0                vmdata_W
                0x03005ea4                vramaddrinc_modify1
                0x03005eb0                vram_write_direct
                0x03005eb8                vram_write_modify
                0x03005ebc                VRAM_chr
                0x03005ed8                VRAM_chr3
                0x03005f04                VRAM_name0
                0x03005f0c                writeBG
                0x03005f44                VRAM_name1
                0x03005f50                VRAM_name2
                0x03005f5c                VRAM_name3
                0x03006090                fpsenabled
                0x03006092                gammavalue
                0x0300636c                display_bg
                0x03006580                fine_x_handler
                0x03006598                update_bankbuffer
 .iwram         0x0300673c      0x110 sound.o
 .iwram         0x0300684c      0x1f4 timeout.o
                0x0300686c                replace_timeout_2
                0x03006878                install_timeout_2
                0x030068f8                remove_timeout
                0x03006978                get_scanline_2
                0x030069a8                timeout_handler_branch_taken
                0x030069e0                timeout_handler
                0x03006a04                addcycles
                0x03006a2c                sleeptime
 .iwram         0x03006a40      0x21c konami.o
                0x03006a40                konami_handler
                0x03006b68                KoLatch
                0x03006b70                KoLatchLo
                0x03006b84                KoLatchHi
                0x03006b94                KoCounter
                0x03006bf8                KoIRQen
 .iwram         0x03006c5c       0x30 map023771.o
 .iwram         0x03006c8c      0x154 map1.o
 .iwram         0x03006de0      0x19c map4.o
                0x03006de0                mmc3_timeout_handler
                0x03006dec                run_mmc3
                0x03006ecc                mmc3_set_next_timeout
                0x03006f64                mapper_irq_handler
 .iwram         0x03006f7c       0x20 map9.o
 *fill*         0x03006f9c        0x4 ff
 .iwram.__stub  0x03006fa0        0xc linker stubs
 *iwram.*(.text)
 *(SORT_BY_NAME(.iwram.*))
                0x03006fac                        . = ALIGN (0x4)
                0x03006fb0                        __iwram_end__ = ABSOLUTE (.)
                0x08017768                        __data_lma = (__iwram_lma + SIZEOF (.iwram))

.data           0x03006fb0      0x8c8 load address 0x08017768
                0x03006fb0                        __data_start__ = ABSOLUTE (.)
 *(.data)
 .data          0x03006fb0        0x0 cache.o
 .data          0x03006fb0        0x0 cheat.o
 .data          0x03006fb0        0x0 crash.o
 .data          0x03006fb0        0x0 disasm.o
 .data          0x03006fb0        0x0 interrupt.o
 .data          0x03006fb0        0x0 loadcart.o
 .data          0x03006fb0        0x0 main.o
 .data          0x03006fb0        0x0 mbclient.o
 .data          0x03006fb0        0x0 minilzo.o
 .data          0x03006fb0        0x0 new_speed_hack.o
 .data          0x03006fb0        0x0 pocketnes_text.o
 .data          0x03006fb0       0x24 ppu_vt.o
                0x03006fb0                vt_palette_dirty
 .data          0x03006fd4        0x0 rommenu.o
 .data          0x03006fd4        0x0 savestate2.o
 .data          0x03006fd4        0x0 spritecache.o
 .data          0x03006fd4        0x0 sram.o
 .data          0x03006fd4        0x0 ui.o
 .data          0x03006fd4        0x0 vt_regs.o
 .data          0x03006fd4        0x0 6502.o
 .data          0x03006fd4        0x0 6502_vt.o
 .data          0x03006fd4        0x0 apack.o
 .data          0x03006fd4        0x0 bindata.o
 .data          0x03006fd4        0x0 cart.o
 .data          0x03006fd4        0x0 cf.o
 .data          0x03006fd4        0x0 division.o
 .data          0x03006fd4        0x0 interruptdispatcher.o
 .data          0x03006fd4        0x0 io.o
 .data          0x03006fd4        0x0 link.o
 .data          0x03006fd4        0x0 memcopy.o
 .data          0x03006fd4        0x0 memory.o
 .data          0x03006fd4        0x0 mem.o
 .data          0x03006fd4        0x0 ppu.o
 .data          0x03006fd4        0x0 sound.o
 .data          0x03006fd4        0x0 speedhack_asm.o
 .data          0x03006fd4        0x0 timeout.o
 .data          0x03006fd4        0x0 visoly.o
 .data          0x03006fd4        0x0 konami.o
 .data          0x03006fd4        0x0 map023771.o
 .data          0x03006fd4        0x0 map105.o
 .data          0x03006fd4        0x0 map113.o
 .data          0x03006fd4        0x0 map1166.o
 .data          0x03006fd4        0x0 map11.o
 .data          0x03006fd4        0x0 map151.o
 .data          0x03006fd4        0x0 map15.o
 .data          0x03006fd4        0x0 map163.o
 .data          0x03006fd4        0x0 map16.o
 .data          0x03006fd4        0x0 map17.o
 .data          0x03006fd4        0x0 map184.o
 .data          0x03006fd4        0x0 map18.o
 .data          0x03006fd4        0x0 map19.o
 .data          0x03006fd4        0x0 map1.o
 .data          0x03006fd4        0x0 map2125.o
 .data          0x03006fd4        0x0 map225.o
 .data          0x03006fd4        0x0 map228.o
 .data          0x03006fd4        0x0 map22.o
 .data          0x03006fd4        0x0 map232.o
 .data          0x03006fd4        0x0 map23.o
 .data          0x03006fd4        0x0 map2426.o
 .data          0x03006fd4        0x0 map28.o
 .data          0x03006fd4        0x0 map30.o
 .data          0x03006fd4        0x0 map32.o
 .data          0x03006fd4        0x0 map33.o
 .data          0x03006fd4        0x0 map34.o
 .data          0x03006fd4        0x0 map38.o
 .data          0x03006fd4        0x0 map40.o
 .data          0x03006fd4        0x0 map41.o
 .data          0x03006fd4        0x0 map42.o
 .data          0x03006fd4        0x0 map4.o
 .data          0x03006fd4        0x0 map5.o
 .data          0x03006fd4        0x0 map64.o
 .data          0x03006fd4        0x0 map65.o
 .data          0x03006fd4        0x0 map67.o
 .data          0x03006fd4        0x0 map68.o
 .data          0x03006fd4        0x0 map69.o
 .data          0x03006fd4        0x0 map70152.o
 .data          0x03006fd4        0x0 map71.o
 .data          0x03006fd4        0x0 map72.o
 .data          0x03006fd4        0x0 map73.o
 .data          0x03006fd4        0x0 map75.o
 .data          0x03006fd4        0x0 map76.o
 .data          0x03006fd4        0x0 map77.o
 .data          0x03006fd4        0x0 map78.o
 .data          0x03006fd4        0x0 map79.o
 .data          0x03006fd4        0x0 map80.o
 .data          0x03006fd4        0x0 map82.o
 .data          0x03006fd4        0x0 map85.o
 .data          0x03006fd4        0x0 map86.o
 .data          0x03006fd4        0x0 map87.o
 .data          0x03006fd4        0x0 map88.o
 .data          0x03006fd4        0x0 map89.o
 .data          0x03006fd4        0x0 map92.o
 .data          0x03006fd4        0x0 map93.o
 .data          0x03006fd4        0x0 map94.o
 .data          0x03006fd4        0x0 map97.o
 .data          0x03006fd4        0x0 map99.o
 .data          0x03006fd4        0x0 map9.o
 .data          0x03006fd4        0x0 mapVT.o
 .data          0x03006fd4        0x0 gba_crt0_my.o
 .data          0x03006fd4        0x0 /opt/devkitpro/libgba/lib/libgba.a(Compression.o)
 .data          0x03006fd4        0x0 /opt/devkitpro/libgba/lib/libgba.a(interrupt.o)
 .data          0x03006fd4        0x0 /opt/devkitpro/devkitARM/lib/gcc/arm-none-eabi/15.2.0/thumb/libgcc.a(_thumb1_case_sqi.o)
 .data          0x03006fd4        0x0 /opt/devkitpro/devkitARM/lib/gcc/arm-none-eabi/15.2.0/thumb/libgcc.a(_thumb1_case_uqi.o)
 .data          0x03006fd4        0x0 /opt/devkitpro/devkitARM/lib/gcc/arm-none-eabi/15.2.0/thumb/libgcc.a(_thumb1_case_shi.o)
 .data          0x03006fd4        0x0 /opt/devkitpro/devkitARM/lib/gcc/arm-none-eabi/15.2.0/thumb/libgcc.a(_udivsi3.o)
 .data          0x03006fd4        0x0 /opt/devkitpro/devkitARM/lib/gcc/arm-none-eabi/15.2.0/thumb/libgcc.a(_divsi3.o)
 .data          0x03006fd4        0x0 /opt/devkitpro/devkitARM/lib/gcc/arm-none-eabi/15.2.0/thumb/libgcc.a(_dvmd_tls.o)
 .data          0x03006fd4        0x0 /opt/devkitpro/devkitARM/lib/gcc/arm-none-eabi/15.2.0/thumb/libgcc.a(_aeabi_uldivmod.o)
 .data          0x03006fd4        0x0 /opt/devkitpro/devkitARM/lib/gcc/arm-none-eabi/15.2.0/thumb/libgcc.a(_udivmoddi4.o)
 .data          0x03006fd4        0x0 /opt/devkitpro/devkitARM/lib/gcc/arm-none-eabi/15.2.0/thumb/libgcc.a(_clzdi2.o)
 .data          0x03006fd4        0x0 /opt/devkitpro/devkitARM/lib/gcc/arm-none-eabi/15.2.0/thumb/libgcc.a(_clzsi2.o)
 .data          0x03006fd4        0x0 /opt/devkitpro/devkitARM/lib/gcc/arm-none-eabi/15.2.0/../../../../arm-none-eabi/lib/thumb/libg.a(libc_a-strcat.o)
 .data          0x03006fd4        0x0 /opt/devkitpro/devkitARM/lib/gcc/arm-none-eabi/15.2.0/../../../../arm-none-eabi/lib/thumb/libg.a(libc_a-memcpy-stub.o)
 .data          0x03006fd4        0x0 /opt/devkitpro/devkitARM/lib/gcc/arm-none-eabi/15.2.0/../../../../arm-none-eabi/lib/thumb/libg.a(libc_a-strlen.o)
 .data          0x03006fd4        0x0 /opt/devkitpro/devkitARM/lib/gcc/arm-none-eabi/15.2.0/../../../../arm-none-eabi/lib/thumb/libg.a(libc_a-memcmp.o)
 .data          0x03006fd4        0x0 /opt/devkitpro/devkitARM/lib/gcc/arm-none-eabi/15.2.0/../../../../arm-none-eabi/lib/thumb/libg.a(libc_a-strcpy.o)
 .data          0x03006fd4        0x0 /opt/devkitpro/devkitARM/lib/gcc/arm-none-eabi/15.2.0/../../../../arm-none-eabi/lib/thumb/libg.a(libc_a-memset.o)
 .data          0x03006fd4        0x0 /opt/devkitpro/devkitARM/lib/gcc/arm-none-eabi/15.2.0/../../../../arm-none-eabi/lib/thumb/libg.a(libc_a-init.o)
 .data          0x03006fd4        0x0 /opt/devkitpro/devkitARM/lib/gcc/arm-none-eabi/15.2.0/../../../../arm-none-eabi/lib/thumb/libg.a(libc_a-memchr-stub.o)
 .data          0x03006fd4        0x0 /opt/devkitpro/devkitARM/lib/gcc/arm-none-eabi/15.2.0/../../../../arm-none-eabi/lib/thumb/libg.a(libc_a-memmove.o)
 *(SORT_BY_NAME(.data.*))
 *fill*         0x03006fd4        0xc ff
 .data.099      0x03006fe0        0x4 ppu.o
                0x03006fe0                _vramaddr
 .data.100      0x03006fe4      0x498 6502.o
                0x03006ff8                _writemem_6
                0x03007004                _writemem_tbl
                0x03007008                _memmap_tbl
                0x03007014                _memmap_6
                0x03007018                rommap
                0x03007028                _readmem_tbl_base
                0x0300703c                _readmem_6
                0x03007048                _readmem_tbl
                0x0300704c                op_table
                0x0300704c                GLOBAL_PTR_BASE
                0x0300744c                cpustate
                0x03007460                _cpu_cycles
                0x03007464                _m6502_pc
                0x03007468                _m6502_s
                0x0300746c                _wantirq
                0x03007470                frametotal
                0x03007474                _lastbank
 .data.101      0x0300747c       0x70 ppu.o
                0x0300747c                FPSValue
                0x03007480                AGBinput
                0x03007484                EMUinput
                0x03007488                ppustate
                0x03007488                _vramaddr_dummy
                0x03007490                _scrollX
                0x030074a2                ppustat_savestate
                0x030074a5                _ppuctrl0frame
                0x030074a8                _nextx
                0x030074c1                _PAL60
                0x030074c2                novblankwait
                0x030074c3                wtop
                0x030074c6                _has_vram
                0x030074c7                _bankable_vrom
                0x030074c8                _vram_page_mask
                0x030074c9                _vram_page_base
                0x030074cc                _recent_tiles
                0x030074d0                _dmarecent_tiles
                0x030074d4                _recent_tilenum
                0x030074d8                _dmarecent_tilenum
                0x030074e8                _bg_cache_full
 .data.102      0x030074ec       0xa4 cart.o
                0x030074ec                mapperstate
                0x0300750f                _bank6
                0x03007510                _bank8
                0x03007514                _nes_chr_map
                0x03007514                _Cbank0
                0x03007550                _rombase
                0x03007550                romstart
                0x03007554                romnum
                0x03007558                _emuflags
                0x03007559                _scaling
                0x0300755c                _BGmirror
                0x03007560                _rommask
                0x03007564                _vrombase
                0x03007568                _vrommask
                0x0300756c                _instant_prg_banks
                0x03007570                _instant_chr_banks
                0x03007574                _cartflags
                0x03007575                _hackflags
                0x03007576                _hackflags2
                0x03007577                _mapper_number
                0x03007578                _rompages
                0x03007579                _vrompages
                0x0300757a                _fourscreen
                0x03007584                _twitch
                0x03007585                _flicker
 .data.103      0x03007590       0x8c sound.o
                0x03007590                sound_state
                0x030075a4                _frame_mode
                0x030075ac                _channel_enables
                0x030075bc                _sq1_period
                0x030075c8                _pcmctrl
                0x030075d8                _pcmstart
                0x030075dc                _pcmcurrentaddr
                0x030075fc                _dmc_last_timestamp
                0x03007600                _dmc_tick_counter
                0x03007604                _dmc_period
                0x03007608                _dmc_period_reciprocal
                0x0300760c                _dmc_length_counter
                0x03007610                _dmc_remaining_bits
 .data.104      0x0300761c       0x2c io.o
                0x03007634                _joycfg
 .data.105      0x03007648      0x110 ppu.o
                0x0300764a                _frameready
                0x0300764b                _firstframeready
                0x0300764c                _vram_write_tbl
                0x0300768c                _vram_map
                0x030076cc                _nes_palette
                0x030076ec                _scrollbuff
                0x030076f0                _dmascrollbuff
                0x030076f4                _nesoambuff
                0x030076f8                _dmanesoambuff
                0x030076fc                _bg0cntbuff
                0x03007700                _dmabg0cntbuff
                0x03007704                _dispcntbuff
                0x03007708                _dmadispcntbuff
                0x0300770c                _dma0buff
                0x03007710                _dma1buff
                0x03007714                _dma3buff
                0x03007718                _nes_vram
                0x03007728                _dmabankbuffer
                0x03007745                _okay_to_run_hdma
 .data.106      0x03007758      0x10c timeout.o
                0x03007758                TimeoutState
                0x03007758                _cycles_to_run
                0x0300775c                _timestamp
                0x030077c0                _mapper_timeout
                0x030077cc                _mapper_irq_timeout
                0x030077d8                _dmc_timeout
                0x03007860                dontstop
                0x03007862                _crash_disabled
 .data.107      0x03007864       0x14 speedhack_asm.o
                0x0300786c                sh_encrypted
                0x03007874                _deadbeef
 *(.gnu.linkonce.d*)
                0x03007878                        . = ALIGN (0x4)
                0x08018030                        __preinit_lma = (__data_lma + SIZEOF (.data))

.igot.plt       0x03007878        0x0 load address 0x08018030
 .igot.plt      0x03007878        0x0 cache.o

.preinit_array  0x03007878        0x0 load address 0x08018030
                0x03007878                        __preinit_array_start = ABSOLUTE (.)
 *(.preinit_array)
                0x03007878                        __preinit_array_end = ABSOLUTE (.)
                0x08018030                        __init_lma = (__preinit_lma + SIZEOF (.preinit_array))

.init_array     0x03007878        0x0 load address 0x08018030
                0x03007878                        __init_array_start = ABSOLUTE (.)
 *(SORT_BY_NAME(.init_array.*))
 *(.init_array)
                0x03007878                        __init_array_end = ABSOLUTE (.)
                0x08018030                        __fini_lma = (__init_lma + SIZEOF (.init_array))

.fini_array     0x03007878        0x0 load address 0x08018030
                0x03007878                        __fini_array_start = ABSOLUTE (.)
 *(SORT_BY_NAME(.fini_array.*))
 *(.fini_array)
                0x03007878                        __fini_array_end = ABSOLUTE (.)
                0x08018030                        __jcr_lma = (__fini_lma + SIZEOF (.fini_array))

.jcr
 *(.jcr)
                0x03007878                        __data_end__ = ABSOLUTE (.)

.bss            0x03007878       0xcc
                0x03007878                        __bss_start = ABSOLUTE (.)
                0x03007878                        __bss_start__ = ABSOLUTE (.)
 *(.dynbss)
 *(.gnu.linkonce.b*)
 *(.bss)
 .bss           0x03007878        0x0 cache.o
 .bss           0x03007878        0x0 cheat.o
 .bss           0x03007878        0x0 crash.o
 .bss           0x03007878        0x0 disasm.o
 .bss           0x03007878        0x0 interrupt.o
 .bss           0x03007878        0x4 loadcart.o
 .bss           0x0300787c        0x0 main.o
 .bss           0x0300787c        0x0 mbclient.o
 .bss           0x0300787c       0x10 minilzo.o
                0x03007888                __lzo_init_done
 .bss           0x0300788c        0x0 new_speed_hack.o
 .bss           0x0300788c        0x0 pocketnes_text.o
 .bss           0x0300788c        0x2 ppu_vt.o
 *fill*         0x0300788e        0x2 
 .bss           0x03007890        0x8 rommenu.o
 .bss           0x03007898        0x0 savestate2.o
 .bss           0x03007898        0x8 spritecache.o
                0x03007898                sprite_cache_cursor
                0x0300789c                sprite_cache_size
 .bss           0x030078a0        0x0 sram.o
 .bss           0x030078a0       0x15 ui.o
 .bss           0x030078b5        0x4 vt_regs.o
                0x030078b5                vt_prg_dirty
                0x030078b8                vt_dma_settings
 .bss           0x030078b9        0x0 6502.o
 .bss           0x030078b9        0x0 6502_vt.o
 .bss           0x030078b9        0x0 apack.o
 .bss           0x030078b9        0x0 bindata.o
 .bss           0x030078b9        0x0 cart.o
 .bss           0x030078b9        0x0 cf.o
 .bss           0x030078b9        0x0 division.o
 .bss           0x030078b9        0x0 interruptdispatcher.o
 .bss           0x030078b9        0x0 io.o
 .bss           0x030078b9        0x0 link.o
 .bss           0x030078b9        0x0 memcopy.o
 .bss           0x030078b9        0x0 memory.o
 .bss           0x030078b9        0x0 mem.o
 .bss           0x030078b9        0x0 ppu.o
 .bss           0x030078b9        0x0 sound.o
 .bss           0x030078b9        0x0 speedhack_asm.o
 .bss           0x030078b9        0x0 timeout.o
 .bss           0x030078b9        0x0 visoly.o
 .bss           0x030078b9        0x0 konami.o
 .bss           0x030078b9        0x0 map023771.o
 .bss           0x030078b9        0x0 map105.o
 .bss           0x030078b9        0x0 map113.o
 .bss           0x030078b9        0x0 map1166.o
 .bss           0x030078b9        0x0 map11.o
 .bss           0x030078b9        0x0 map151.o
 .bss           0x030078b9        0x0 map15.o
 .bss           0x030078b9        0x0 map163.o
 .bss           0x030078b9        0x0 map16.o
 .bss           0x030078b9        0x0 map17.o
 .bss           0x030078b9        0x0 map184.o
 .bss           0x030078b9        0x0 map18.o
 .bss           0x030078b9        0x0 map19.o
 .bss           0x030078b9        0x0 map1.o
 .bss           0x030078b9        0x0 map2125.o
 .bss           0x030078b9        0x0 map225.o
 .bss           0x030078b9        0x0 map228.o
 .bss           0x030078b9        0x0 map22.o
 .bss           0x030078b9        0x0 map232.o
 .bss           0x030078b9        0x0 map23.o
 .bss           0x030078b9        0x0 map2426.o
 .bss           0x030078b9        0x0 map28.o
 .bss           0x030078b9        0x0 map30.o
 .bss           0x030078b9        0x0 map32.o
 .bss           0x030078b9        0x0 map33.o
 .bss           0x030078b9        0x0 map34.o
 .bss           0x030078b9        0x0 map38.o
 .bss           0x030078b9        0x0 map40.o
 .bss           0x030078b9        0x0 map41.o
 .bss           0x030078b9        0x0 map42.o
 .bss           0x030078b9        0x0 map4.o
 .bss           0x030078b9        0x0 map5.o
 .bss           0x030078b9        0x0 map64.o
 .bss           0x030078b9        0x0 map65.o
 .bss           0x030078b9        0x0 map67.o
 .bss           0x030078b9        0x0 map68.o
 .bss           0x030078b9        0x0 map69.o
 .bss           0x030078b9        0x0 map70152.o
 .bss           0x030078b9        0x0 map71.o
 .bss           0x030078b9        0x0 map72.o
 .bss           0x030078b9        0x0 map73.o
 .bss           0x030078b9        0x0 map75.o
 .bss           0x030078b9        0x0 map76.o
 .bss           0x030078b9        0x0 map77.o
 .bss           0x030078b9        0x0 map78.o
 .bss           0x030078b9        0x0 map79.o
 .bss           0x030078b9        0x0 map80.o
 .bss           0x030078b9        0x0 map82.o
 .bss           0x030078b9        0x0 map85.o
 .bss           0x030078b9        0x0 map86.o
 .bss           0x030078b9        0x0 map87.o
 .bss           0x030078b9        0x0 map88.o
 .bss           0x030078b9        0x0 map89.o
 .bss           0x030078b9        0x0 map92.o
 .bss           0x030078b9        0x0 map93.o
 .bss           0x030078b9        0x0 map94.o
 .bss           0x030078b9        0x0 map97.o
 .bss           0x030078b9        0x0 map99.o
 .bss           0x030078b9        0x0 map9.o
 .bss           0x030078b9        0x0 mapVT.o
 .bss           0x030078b9        0x0 gba_crt0_my.o
 .bss           0x030078b9        0x0 /opt/devkitpro/libgba/lib/libgba.a(Compression.o)
 *fill*         0x030078b9        0x3 
 .bss           0x030078bc       0x78 /opt/devkitpro/libgba/lib/libgba.a(interrupt.o)
                0x030078bc                IntrTable
 .bss           0x03007934        0x0 /opt/devkitpro/devkitARM/lib/gcc/arm-none-eabi/15.2.0/thumb/libgcc.a(_thumb1_case_sqi.o)
 .bss           0x03007934        0x0 /opt/devkitpro/devkitARM/lib/gcc/arm-none-eabi/15.2.0/thumb/libgcc.a(_thumb1_case_uqi.o)
 .bss           0x03007934        0x0 /opt/devkitpro/devkitARM/lib/gcc/arm-none-eabi/15.2.0/thumb/libgcc.a(_thumb1_case_shi.o)
 .bss           0x03007934        0x0 /opt/devkitpro/devkitARM/lib/gcc/arm-none-eabi/15.2.0/thumb/libgcc.a(_udivsi3.o)
 .bss           0x03007934        0x0 /opt/devkitpro/devkitARM/lib/gcc/arm-none-eabi/15.2.0/thumb/libgcc.a(_divsi3.o)
 .bss           0x03007934        0x0 /opt/devkitpro/devkitARM/lib/gcc/arm-none-eabi/15.2.0/thumb/libgcc.a(_dvmd_tls.o)
 .bss           0x03007934        0x0 /opt/devkitpro/devkitARM/lib/gcc/arm-none-eabi/15.2.0/thumb/libgcc.a(_aeabi_uldivmod.o)
 .bss           0x03007934        0x0 /opt/devkitpro/devkitARM/lib/gcc/arm-none-eabi/15.2.0/thumb/libgcc.a(_udivmoddi4.o)
 .bss           0x03007934        0x0 /opt/devkitpro/devkitARM/lib/gcc/arm-none-eabi/15.2.0/thumb/libgcc.a(_clzdi2.o)
 .bss           0x03007934        0x0 /opt/devkitpro/devkitARM/lib/gcc/arm-none-eabi/15.2.0/thumb/libgcc.a(_clzsi2.o)
 .bss           0x03007934        0x0 /opt/devkitpro/devkitARM/lib/gcc/arm-none-eabi/15.2.0/../../../../arm-none-eabi/lib/thumb/libg.a(libc_a-strcat.o)
 .bss           0x03007934        0x0 /opt/devkitpro/devkitARM/lib/gcc/arm-none-eabi/15.2.0/../../../../arm-none-eabi/lib/thumb/libg.a(libc_a-memcpy-stub.o)
 .bss           0x03007934        0x0 /opt/devkitpro/devkitARM/lib/gcc/arm-none-eabi/15.2.0/../../../../arm-none-eabi/lib/thumb/libg.a(libc_a-strlen.o)
 .bss           0x03007934        0x0 /opt/devkitpro/devkitARM/lib/gcc/arm-none-eabi/15.2.0/../../../../arm-none-eabi/lib/thumb/libg.a(libc_a-memcmp.o)
 .bss           0x03007934        0x0 /opt/devkitpro/devkitARM/lib/gcc/arm-none-eabi/15.2.0/../../../../arm-none-eabi/lib/thumb/libg.a(libc_a-strcpy.o)
 .bss           0x03007934        0x0 /opt/devkitpro/devkitARM/lib/gcc/arm-none-eabi/15.2.0/../../../../arm-none-eabi/lib/thumb/libg.a(libc_a-memset.o)
 .bss           0x03007934        0x0 /opt/devkitpro/devkitARM/lib/gcc/arm-none-eabi/15.2.0/../../../../arm-none-eabi/lib/thumb/libg.a(libc_a-init.o)
 .bss           0x03007934        0x0 /opt/devkitpro/devkitARM/lib/gcc/arm-none-eabi/15.2.0/../../../../arm-none-eabi/lib/thumb/libg.a(libc_a-memchr-stub.o)
 .bss           0x03007934        0x0 /opt/devkitpro/devkitARM/lib/gcc/arm-none-eabi/15.2.0/../../../../arm-none-eabi/lib/thumb/libg.a(libc_a-memmove.o)
 *(COMMON)
 COMMON         0x03007934        0x0 interrupt.o
 COMMON         0x03007934        0x4 vt_regs.o
                0x03007934                vt_prg_banks
 *(SORT_BY_NAME(.bss.*))
 .bss.end       0x03007938        0xc mem.o
                0x03007938                IWRAM_CANARY_0
                0x0300793c                IWRAM_CANARY_1
                0x03007940                IWRAM_CANARY_2
 *(.bss*)
                0x03007944                        . = ALIGN (0x4)
                0x03007944                        __bss_end__ = ABSOLUTE (.)
                0x08018030                        __iwram_overlay_lma = (__jcr_lma + SIZEOF (.jcr))
                0x03007944                        __iwram_overlay_start = .

.iwram0         0x03007944        0x0 load address 0x08018030
 *(.iwram0)
                0x03007944                        . = ALIGN (0x4)
                0x08018030                        PROVIDE (__load_start_iwram0 = LOADADDR (.iwram0))
                0x08018030                        PROVIDE (__load_stop_iwram0 = (LOADADDR (.iwram0) + SIZEOF (.iwram0)))

.iwram1         0x03007944        0x0
 *(.iwram1)
                0x03007944                        . = ALIGN (0x4)
                [!provide]                        PROVIDE (__load_start_iwram1 = LOADADDR (.iwram1))
                [!provide]                        PROVIDE (__load_stop_iwram1 = (LOADADDR (.iwram1) + SIZEOF (.iwram1)))

.iwram2         0x03007944        0x0
 *(.iwram2)
                0x03007944                        . = ALIGN (0x4)
                [!provide]                        PROVIDE (__load_start_iwram2 = LOADADDR (.iwram2))
                [!provide]                        PROVIDE (__load_stop_iwram2 = (LOADADDR (.iwram2) + SIZEOF (.iwram2)))

.iwram3         0x03007944        0x0
 *(.iwram3)
[...]
 .debug_frame   0x00000490       0xd0 interrupt.o
 .debug_frame   0x00000560       0xd8 loadcart.o
 .debug_frame   0x00000638       0x94 main.o
 .debug_frame   0x000006cc      0x1cc minilzo.o
 .debug_frame   0x00000898       0x94 new_speed_hack.o
 .debug_frame   0x0000092c      0x154 pocketnes_text.o
 .debug_frame   0x00000a80      0x304 ppu_vt.o
 .debug_frame   0x00000d84       0xb0 rommenu.o
 .debug_frame   0x00000e34      0x1dc savestate2.o
 .debug_frame   0x00001010       0x64 spritecache.o
 .debug_frame   0x00001074      0x410 sram.o
 .debug_frame   0x00001484      0x4e0 ui.o
 .debug_frame   0x00001964      0x178 vt_regs.o
 .debug_frame   0x00001adc       0xa0 /opt/devkitpro/libgba/lib/libgba.a(Compression.o)
 .debug_frame   0x00001b7c       0xb0 /opt/devkitpro/libgba/lib/libgba.a(interrupt.o)
 .debug_frame   0x00001c2c       0x20 /opt/devkitpro/devkitARM/lib/gcc/arm-none-eabi/15.2.0/thumb/libgcc.a(_udivsi3.o)
 .debug_frame   0x00001c4c       0x20 /opt/devkitpro/devkitARM/lib/gcc/arm-none-eabi/15.2.0/thumb/libgcc.a(_divsi3.o)
 .debug_frame   0x00001c6c       0x2c /opt/devkitpro/devkitARM/lib/gcc/arm-none-eabi/15.2.0/thumb/libgcc.a(_aeabi_uldivmod.o)
 .debug_frame   0x00001c98       0x3c /opt/devkitpro/devkitARM/lib/gcc/arm-none-eabi/15.2.0/thumb/libgcc.a(_udivmoddi4.o)

.debug_str      0x00000000     0x3b29
 *(.debug_str)
 .debug_str     0x00000000     0x3b29 cache.o
                                0x420 (size before relaxing)
 .debug_str     0x00003b29        0x0 cheat.o
                                0x553 (size before relaxing)
 .debug_str     0x00003b29        0x0 crash.o
                                0x255 (size before relaxing)
 .debug_str     0x00003b29        0x0 disasm.o
                                0x14f (size before relaxing)
 .debug_str     0x00003b29        0x0 interrupt.o
                                0x2f7 (size before relaxing)
 .debug_str     0x00003b29        0x0 loadcart.o
                                0x9a9 (size before relaxing)
 .debug_str     0x00003b29        0x0 main.o
                                0x601 (size before relaxing)
 .debug_str     0x00003b29        0x0 mbclient.o
                                0x151 (size before relaxing)
 .debug_str     0x00003b29        0x0 minilzo.o
                                0x577 (size before relaxing)
 .debug_str     0x00003b29        0x0 new_speed_hack.o
                                0x5e2 (size before relaxing)
 .debug_str     0x00003b29        0x0 pocketnes_text.o
                                0x37a (size before relaxing)
 .debug_str     0x00003b29        0x0 ppu_vt.o
                                0x6f5 (size before relaxing)
 .debug_str     0x00003b29        0x0 rommenu.o
                                0x3ad (size before relaxing)
 .debug_str     0x00003b29        0x0 savestate2.o
                                0x824 (size before relaxing)
 .debug_str     0x00003b29        0x0 spritecache.o
                                0x32b (size before relaxing)
 .debug_str     0x00003b29        0x0 sram.o
                                0x7bc (size before relaxing)
 .debug_str     0x00003b29        0x0 ui.o
                                0x851 (size before relaxing)
 .debug_str     0x00003b29        0x0 vt_regs.o
                                0x70f (size before relaxing)
 .debug_str     0x00003b29        0x0 /opt/devkitpro/libgba/lib/libgba.a(Compression.o)
                                0x27c (size before relaxing)
 .debug_str     0x00003b29        0x0 /opt/devkitpro/libgba/lib/libgba.a(interrupt.o)
                                0x334 (size before relaxing)
 .debug_str     0x00003b29        0x0 /opt/devkitpro/devkitARM/lib/gcc/arm-none-eabi/15.2.0/thumb/libgcc.a(_thumb1_case_sqi.o)
                                 0xf1 (size before relaxing)
 .debug_str     0x00003b29        0x0 /opt/devkitpro/devkitARM/lib/gcc/arm-none-eabi/15.2.0/thumb/libgcc.a(_thumb1_case_uqi.o)
                                 0xf1 (size before relaxing)
 .debug_str     0x00003b29        0x0 /opt/devkitpro/devkitARM/lib/gcc/arm-none-eabi/15.2.0/thumb/libgcc.a(_thumb1_case_shi.o)
                                 0xf1 (size before relaxing)
 .debug_str     0x00003b29        0x0 /opt/devkitpro/devkitARM/lib/gcc/arm-none-eabi/15.2.0/thumb/libgcc.a(_udivsi3.o)
                                 0xf6 (size before relaxing)
 .debug_str     0x00003b29        0x0 /opt/devkitpro/devkitARM/lib/gcc/arm-none-eabi/15.2.0/thumb/libgcc.a(_divsi3.o)
                                 0xf4 (size before relaxing)
 .debug_str     0x00003b29        0x0 /opt/devkitpro/devkitARM/lib/gcc/arm-none-eabi/15.2.0/thumb/libgcc.a(_dvmd_tls.o)
                                 0xf7 (size before relaxing)
 .debug_str     0x00003b29        0x0 /opt/devkitpro/devkitARM/lib/gcc/arm-none-eabi/15.2.0/thumb/libgcc.a(_aeabi_uldivmod.o)
                                 0xd7 (size before relaxing)
 .debug_str     0x00003b29        0x0 /opt/devkitpro/devkitARM/lib/gcc/arm-none-eabi/15.2.0/thumb/libgcc.a(_udivmoddi4.o)
                                0x6a5 (size before relaxing)
 .debug_str     0x00003b29        0x0 /opt/devkitpro/devkitARM/lib/gcc/arm-none-eabi/15.2.0/thumb/libgcc.a(_clzdi2.o)
                                 0xe4 (size before relaxing)
 .debug_str     0x00003b29        0x0 /opt/devkitpro/devkitARM/lib/gcc/arm-none-eabi/15.2.0/thumb/libgcc.a(_clzsi2.o)
                                 0xe4 (size before relaxing)

.debug_loc
 *(.debug_loc)

.debug_macinfo
 *(.debug_macinfo)

.debug_weaknames
 *(.debug_weaknames)

.debug_funcnames
 *(.debug_funcnames)

.debug_typenames
 *(.debug_typenames)

.debug_varnames
 *(.debug_varnames)

.stack          0x00080000        0x0
                0x00080000                        _stack = .
 *(.stack)

.note.gnu.arm.ident
 *(.note.gnu.arm.ident)

.ARM.attributes
                0x00000000       0x28
 *(.ARM.attributes)
 .ARM.attributes
                0x00000000       0x26 cache.o
 .ARM.attributes
                0x00000026       0x26 cheat.o
 .ARM.attributes
                0x0000004c       0x26 crash.o
 .ARM.attributes
                0x00000072       0x26 disasm.o
 .ARM.attributes
                0x00000098       0x26 interrupt.o
 .ARM.attributes
                0x000000be       0x26 loadcart.o
 .ARM.attributes
                0x000000e4       0x26 main.o
 .ARM.attributes
                0x0000010a       0x26 mbclient.o
 .ARM.attributes
                0x00000130       0x26 minilzo.o
 .ARM.attributes
                0x00000156       0x26 new_speed_hack.o
 .ARM.attributes
                0x0000017c       0x26 pocketnes_text.o
 .ARM.attributes
                0x000001a2       0x26 ppu_vt.o
 .ARM.attributes
                0x000001c8       0x26 rommenu.o
 .ARM.attributes
                0x000001ee       0x26 savestate2.o
 .ARM.attributes
                0x00000214       0x26 spritecache.o
 .ARM.attributes
                0x0000023a       0x26 sram.o
 .ARM.attributes
                0x00000260       0x26 ui.o
 .ARM.attributes
                0x00000286       0x26 vt_regs.o
 .ARM.attributes
                0x000002ac       0x1a 6502.o
 .ARM.attributes
                0x000002c6       0x1a 6502_vt.o
 .ARM.attributes
                0x000002e0       0x1a apack.o
 .ARM.attributes
                0x000002fa       0x1a bindata.o
 .ARM.attributes
                0x00000314       0x1a cart.o
 .ARM.attributes
                0x0000032e       0x1a cf.o
 .ARM.attributes
                0x00000348       0x1a division.o
 .ARM.attributes
                0x00000362       0x1a interruptdispatcher.o
 .ARM.attributes
                0x0000037c       0x1a io.o
 .ARM.attributes
                0x00000396       0x1a link.o
 .ARM.attributes
                0x000003b0       0x1a memcopy.o
 .ARM.attributes
                0x000003ca       0x1a memory.o
 .ARM.attributes
                0x000003e4       0x1a mem.o
 .ARM.attributes
                0x000003fe       0x1a ppu.o
 .ARM.attributes
                0x00000418       0x1a sound.o
 .ARM.attributes
                0x00000432       0x1a speedhack_asm.o
 .ARM.attributes
                0x0000044c       0x1a timeout.o
 .ARM.attributes
                0x00000466       0x1a visoly.o
 .ARM.attributes
                0x00000480       0x1a konami.o
 .ARM.attributes
                0x0000049a       0x1a map023771.o
 .ARM.attributes
                0x000004b4       0x1a map105.o
 .ARM.attributes
                0x000004ce       0x1a map113.o
 .ARM.attributes
                0x000004e8       0x1a map1166.o
 .ARM.attributes
                0x00000502       0x1a map11.o
 .ARM.attributes
                0x0000051c       0x1a map151.o
 .ARM.attributes
                0x00000536       0x1a map15.o
 .ARM.attributes
                0x00000550       0x1a map163.o
 .ARM.attributes
                0x0000056a       0x1a map16.o
 .ARM.attributes
                0x00000584       0x1a map17.o
 .ARM.attributes
                0x0000059e       0x1a map184.o
 .ARM.attributes
                0x000005b8       0x1a map18.o
 .ARM.attributes
                0x000005d2       0x1a map19.o
 .ARM.attributes
                0x000005ec       0x1a map1.o
 .ARM.attributes
                0x00000606       0x1a map2125.o
 .ARM.attributes
                0x00000620       0x1a map225.o
 .ARM.attributes
                0x0000063a       0x1a map228.o
 .ARM.attributes
                0x00000654       0x1a map22.o
 .ARM.attributes
                0x0000066e       0x1a map232.o
 .ARM.attributes
                0x00000688       0x1a map23.o
 .ARM.attributes
                0x000006a2       0x1a map2426.o
 .ARM.attributes
                0x000006bc       0x1a map28.o
 .ARM.attributes
                0x000006d6       0x1a map30.o
 .ARM.attributes
                0x000006f0       0x1a map32.o
 .ARM.attributes
                0x0000070a       0x1a map33.o
 .ARM.attributes
                0x00000724       0x1a map34.o
 .ARM.attributes
                0x0000073e       0x1a map38.o
 .ARM.attributes
                0x00000758       0x1a map40.o
 .ARM.attributes
                0x00000772       0x1a map41.o
 .ARM.attributes
                0x0000078c       0x1a map42.o
 .ARM.attributes
                0x000007a6       0x1a map4.o
 .ARM.attributes
                0x000007c0       0x1a map5.o
 .ARM.attributes
                0x000007da       0x1a map64.o
 .ARM.attributes
                0x000007f4       0x1a map65.o
 .ARM.attributes
                0x0000080e       0x1a map67.o
 .ARM.attributes
                0x00000828       0x1a map68.o
 .ARM.attributes
                0x00000842       0x1a map69.o
 .ARM.attributes
                0x0000085c       0x1a map70152.o
 .ARM.attributes
                0x00000876       0x1a map71.o
 .ARM.attributes
                0x00000890       0x1a map72.o
 .ARM.attributes
                0x000008aa       0x1a map73.o
 .ARM.attributes
                0x000008c4       0x1a map75.o
 .ARM.attributes
                0x000008de       0x1a map76.o
 .ARM.attributes
                0x000008f8       0x1a map77.o
 .ARM.attributes
                0x00000912       0x1a map78.o
 .ARM.attributes
                0x0000092c       0x1a map79.o
 .ARM.attributes
                0x00000946       0x1a map80.o
 .ARM.attributes
                0x00000960       0x1a map82.o
 .ARM.attributes
                0x0000097a       0x1a map85.o
 .ARM.attributes
                0x00000994       0x1a map86.o
 .ARM.attributes
                0x000009ae       0x1a map87.o
 .ARM.attributes
                0x000009c8       0x1a map88.o
 .ARM.attributes
                0x000009e2       0x1a map89.o
 .ARM.attributes
                0x000009fc       0x1a map92.o
 .ARM.attributes
                0x00000a16       0x1a map93.o
 .ARM.attributes
                0x00000a30       0x1a map94.o
 .ARM.attributes
                0x00000a4a       0x1a map97.o
 .ARM.attributes
                0x00000a64       0x1a map99.o
 .ARM.attributes
                0x00000a7e       0x1a map9.o
 .ARM.attributes
                0x00000a98       0x1a mapVT.o
 .ARM.attributes
                0x00000ab2       0x1a gba_crt0_my.o
 .ARM.attributes
                0x00000acc       0x2a /opt/devkitpro/libgba/lib/libgba.a(Compression.o)
 .ARM.attributes
                0x00000af6       0x2a /opt/devkitpro/libgba/lib/libgba.a(interrupt.o)
 .ARM.attributes
                0x00000b20       0x1c /opt/devkitpro/devkitARM/lib/gcc/arm-none-eabi/15.2.0/thumb/libgcc.a(_thumb1_case_sqi.o)
 .ARM.attributes
                0x00000b3c       0x1c /opt/devkitpro/devkitARM/lib/gcc/arm-none-eabi/15.2.0/thumb/libgcc.a(_thumb1_case_uqi.o)
 .ARM.attributes
                0x00000b58       0x1c /opt/devkitpro/devkitARM/lib/gcc/arm-none-eabi/15.2.0/thumb/libgcc.a(_thumb1_case_shi.o)
 .ARM.attributes
                0x00000b74       0x1c /opt/devkitpro/devkitARM/lib/gcc/arm-none-eabi/15.2.0/thumb/libgcc.a(_udivsi3.o)
 .ARM.attributes
                0x00000b90       0x1c /opt/devkitpro/devkitARM/lib/gcc/arm-none-eabi/15.2.0/thumb/libgcc.a(_divsi3.o)
 .ARM.attributes
                0x00000bac       0x1c /opt/devkitpro/devkitARM/lib/gcc/arm-none-eabi/15.2.0/thumb/libgcc.a(_dvmd_tls.o)
 .ARM.attributes
                0x00000bc8       0x1c /opt/devkitpro/devkitARM/lib/gcc/arm-none-eabi/15.2.0/thumb/libgcc.a(_aeabi_uldivmod.o)
 .ARM.attributes
                0x00000be4       0x2a /opt/devkitpro/devkitARM/lib/gcc/arm-none-eabi/15.2.0/thumb/libgcc.a(_udivmoddi4.o)
 .ARM.attributes
                0x00000c0e       0x1c /opt/devkitpro/devkitARM/lib/gcc/arm-none-eabi/15.2.0/thumb/libgcc.a(_clzdi2.o)
 .ARM.attributes
                0x00000c2a       0x1c /opt/devkitpro/devkitARM/lib/gcc/arm-none-eabi/15.2.0/thumb/libgcc.a(_clzsi2.o)
 .ARM.attributes
                0x00000c46       0x2a /opt/devkitpro/devkitARM/lib/gcc/arm-none-eabi/15.2.0/../../../../arm-none-eabi/lib/thumb/libg.a(libc_a-strcat.o)
 .ARM.attributes
                0x00000c70       0x2a /opt/devkitpro/devkitARM/lib/gcc/arm-none-eabi/15.2.0/../../../../arm-none-eabi/lib/thumb/libg.a(libc_a-memcpy-stub.o)
 .ARM.attributes
                0x00000c9a       0x2a /opt/devkitpro/devkitARM/lib/gcc/arm-none-eabi/15.2.0/../../../../arm-none-eabi/lib/thumb/libg.a(libc_a-strlen.o)
 .ARM.attributes
                0x00000cc4       0x2a /opt/devkitpro/devkitARM/lib/gcc/arm-none-eabi/15.2.0/../../../../arm-none-eabi/lib/thumb/libg.a(libc_a-memcmp.o)
 .ARM.attributes
                0x00000cee       0x2a /opt/devkitpro/devkitARM/lib/gcc/arm-none-eabi/15.2.0/../../../../arm-none-eabi/lib/thumb/libg.a(libc_a-strcpy.o)
 .ARM.attributes
                0x00000d18       0x2a /opt/devkitpro/devkitARM/lib/gcc/arm-none-eabi/15.2.0/../../../../arm-none-eabi/lib/thumb/libg.a(libc_a-memset.o)
 .ARM.attributes
                0x00000d42       0x2a /opt/devkitpro/devkitARM/lib/gcc/arm-none-eabi/15.2.0/../../../../arm-none-eabi/lib/thumb/libg.a(libc_a-init.o)
 .ARM.attributes
                0x00000d6c       0x2a /opt/devkitpro/devkitARM/lib/gcc/arm-none-eabi/15.2.0/../../../../arm-none-eabi/lib/thumb/libg.a(libc_a-memchr-stub.o)
 .ARM.attributes
                0x00000d96       0x2a /opt/devkitpro/devkitARM/lib/gcc/arm-none-eabi/15.2.0/../../../../arm-none-eabi/lib/thumb/libg.a(libc_a-memmove.o)

/DISCARD/
 *(.note.GNU-stack)
OUTPUT(/src/pocketvt.elf elf32-littlearm)
LOAD linker stubs

.debug_loclists
                0x00000000     0x9c2d
 .debug_loclists
                0x00000000      0x414 cache.o
 .debug_loclists
                0x00000414      0xace cheat.o
 .debug_loclists
                0x00000ee2      0x224 crash.o
 .debug_loclists
                0x00001106       0xe4 interrupt.o
 .debug_loclists
                0x000011ea      0xb04 loadcart.o
 .debug_loclists
                0x00001cee      0x279 main.o
 .debug_loclists
                0x00001f67     0x1d0c minilzo.o
 .debug_loclists
                0x00003c73      0xb99 new_speed_hack.o
 .debug_loclists
                0x0000480c      0x4e2 pocketnes_text.o
 .debug_loclists
                0x00004cee     0x10d7 ppu_vt.o
 .debug_loclists
                0x00005dc5      0x30e rommenu.o
 .debug_loclists
                0x000060d3      0xab2 savestate2.o
 .debug_loclists
                0x00006b85      0x4d6 spritecache.o
 .debug_loclists
                0x0000705b      0xdee sram.o
 .debug_loclists
                0x00007e49      0xd0d ui.o
 .debug_loclists
                0x00008b56      0x907 vt_regs.o
 .debug_loclists
                0x0000945d      0x233 /opt/devkitpro/libgba/lib/libgba.a(Compression.o)
 .debug_loclists
                0x00009690      0x2f4 /opt/devkitpro/libgba/lib/libgba.a(interrupt.o)
 .debug_loclists
                0x00009984      0x2a9 /opt/devkitpro/devkitARM/lib/gcc/arm-none-eabi/15.2.0/thumb/libgcc.a(_udivmoddi4.o)

.debug_rnglists
                0x00000000      0x7f7
 .debug_rnglists
                0x00000000       0x17 cache.o
 .debug_rnglists
                0x00000017       0x3d cheat.o
 .debug_rnglists
                0x00000054       0x46 crash.o
 .debug_rnglists
                0x0000009a       0xed loadcart.o
 .debug_rnglists
                0x00000187       0x5a main.o
 .debug_rnglists
                0x000001e1       0x9e minilzo.o
 .debug_rnglists
                0x0000027f       0xd2 new_speed_hack.o
 .debug_rnglists
                0x00000351       0x39 pocketnes_text.o
 .debug_rnglists
                0x0000038a      0x210 ppu_vt.o
 .debug_rnglists
                0x0000059a       0x7e savestate2.o
 .debug_rnglists
                0x00000618       0x3c spritecache.o
 .debug_rnglists
                0x00000654       0x4e sram.o
 .debug_rnglists
                0x000006a2       0x21 ui.o
 .debug_rnglists
                0x000006c3       0xca vt_regs.o
 .debug_rnglists
                0x0000078d       0x13 /opt/devkitpro/libgba/lib/libgba.a(Compression.o)
 .debug_rnglists
                0x000007a0       0x43 /opt/devkitpro/libgba/lib/libgba.a(interrupt.o)
 .debug_rnglists
                0x000007e3       0x14 /opt/devkitpro/devkitARM/lib/gcc/arm-none-eabi/15.2.0/thumb/libgcc.a(_udivmoddi4.o)

.debug_line_str
                0x00000000       0xd5
 .debug_line_str
                0x00000000       0xd5 /opt/devkitpro/devkitARM/lib/gcc/arm-none-eabi/15.2.0/thumb/libgcc.a(_thumb1_case_sqi.o)
                                 0xcd (size before relaxing)
 .debug_line_str
                0x000000d5        0x0 /opt/devkitpro/devkitARM/lib/gcc/arm-none-eabi/15.2.0/thumb/libgcc.a(_thumb1_case_uqi.o)
                                 0xcd (size before relaxing)
 .debug_line_str
                0x000000d5        0x0 /opt/devkitpro/devkitARM/lib/gcc/arm-none-eabi/15.2.0/thumb/libgcc.a(_thumb1_case_shi.o)
                                 0xcd (size before relaxing)
 .debug_line_str
                0x000000d5        0x0 /opt/devkitpro/devkitARM/lib/gcc/arm-none-eabi/15.2.0/thumb/libgcc.a(_udivsi3.o)
                                 0xcd (size before relaxing)
 .debug_line_str
                0x000000d5        0x0 /opt/devkitpro/devkitARM/lib/gcc/arm-none-eabi/15.2.0/thumb/libgcc.a(_divsi3.o)
                                 0xcd (size before relaxing)
 .debug_line_str
                0x000000d5        0x0 /opt/devkitpro/devkitARM/lib/gcc/arm-none-eabi/15.2.0/thumb/libgcc.a(_dvmd_tls.o)
                                 0xcd (size before relaxing)
 .debug_line_str
                0x000000d5        0x0 /opt/devkitpro/devkitARM/lib/gcc/arm-none-eabi/15.2.0/thumb/libgcc.a(_aeabi_uldivmod.o)
                                 0xc9 (size before relaxing)
 .debug_line_str
                0x000000d5        0x0 /opt/devkitpro/devkitARM/lib/gcc/arm-none-eabi/15.2.0/thumb/libgcc.a(_clzdi2.o)
                                 0xcd (size before relaxing)
 .debug_line_str
                0x000000d5        0x0 /opt/devkitpro/devkitARM/lib/gcc/arm-none-eabi/15.2.0/thumb/libgcc.a(_clzsi2.o)
                                 0xcd (size before relaxing)
